WARNING, qucsator netlist not generated for Sub

>
Vdc #(.U(1 V)) V(_net0, _net1);
Vdc:V open open U="1 V"
=====VProbe=========
<VProbe Pr 1 0 0 28 -31 0 0>
VProbe #() Pr(_net0, _net1);
VProbe:Pr open open
=====VCCS=========
<VCCS SRC 1 0 0 -26 34 0 0 "1 S" 1 "0" 0>
VCCS #(.G(1 S), .T(0)) SRC(_net0, _net1, _net2, _net3);
VCCS:SRC open open open open G="1 S" T="0"
=====Vrect=========
<Vrect V 1 0 0 18 -26 0 1 "1 V" 1 "1 ms" 1 "1 ms" 1 "1 ns" 0 "1 ns" 0 "0 ns" 0>
Vrect #(.U(1 V), .TH(1 ms), .TL(1 ms), .Tr(1 ns), .Tf(1 ns), .Td(0 ns)) V(_net0, _net1);
Vrect:V open open U="1 V" TH="1 ms" TL="1 ms" Tr="1 ns" Tf="1 ns" Td="0 ns"
=====Vac=========
<Vac V 1 0 0 18 -26 0 1 "1 V" 1 "1 GHz" 0 "0" 0 "0" 0>
Vac #(.U(1 V), .f(1 GHz), .Phase(0), .Theta(0)) V(_net0, _net1);
Vac:V open open U="1 V" f="1 GHz" Phase="0" Theta="0"
=====Tr=========
<Tr Tr 1 0 0 -29 38 0 0 "1" 1>
Tr #(.T(1)) Tr(_net0, _net1, _net2, _net3);
Tr:Tr open open open open T="1"
=====sTr=========
<sTr Tr 1 0 0 -29 78 0 0 "1" 1 "1" 1>
sTr #(.T1(1), .T2(1)) Tr(_net0, _net1, _net2, _net3, _net4, _net5);
sTr:Tr open open open open open open T1="1" T2="1"
=====Port=========
<Port P 1 0 0 -23 12 0 0 "1" 1 "analog" 0>
Port #(.Num(1), .Type(analog)) P(_net0);
Port:P open Num="1" Type="analog"
=====R=========
<R Resistor 1 0 0 -26 15 0 0 "50 Ohm" 1 "26.85" 0 "0.0" 0 "0.0" 0 "26.85" 0 "european" 0>
R #(.R(50 Ohm), .Temp(26.85), .Tc1(0.0), .Tc2(0.0), .Tnom(26.85), .Symbol(european)) Resistor(_net0, _net1);
R:Resistor open open R="50 Ohm" Temp="26.85" Tc1="0.0" Tc2="0.0" Tnom="26.85"
=====L=========
<L L 1 0 0 -26 10 0 0 "1 nH" 1 "" 0>
L #(.L(1 nH), .I()) L(_net0, _net1);
L:L open open L="1 nH" I=""
=====C=========
<C C 1 0 0 -26 17 0 0 "1 pF" 1 "" 0 "neutral" 0>
C #(.C(1 pF), .V(), .Symbol(neutral)) C(_net0, _net1);
C:C open open C="1 pF" V=""
=====GND=========
<GND * 5 0 0 0 0 0 0>
GND #() (_net0);
GND: open
=====Eqn=========
<Eqn Eqn 1 0 0 -86 39 0 0 "y=1" 1 "yes" 0>
Eqn #(.y(1), .Export(yes)) Eqn();
Eqn:Eqn y="1" Export="yes"
=====Pac=========
<Pac P 1 0 0 18 -26 0 1 "1" 1 "50 Ohm" 1 "0 dBm" 0 "1 GHz" 0 "26.85" 0>
Pac #(.Num(1), .Z(50 Ohm), .P(0 dBm), .f(1 GHz), .Temp(26.85)) P(_net0, _net1);
Pac:P open open Num="1" Z="50 Ohm" P="0 dBm" f="1 GHz" Temp="26.85"
=====DC=========

//
.DC: Temp="26.85" reltol="0.001" abstol="1 pA" vntol="1 uV" saveOPs="no" MaxIter="150" saveAll="no" convHelper="none" Solver="CroutLU"
=====TR=========

//TR
.TR:TR Type="lin" Start="0" Stop="1 ms" Points="11" IntegrationMethod="Trapezoidal" Order="2" InitialStep="1 ns" MinStep="1e-16" MaxIter="150" reltol="0.001" abstol="1 pA" vntol="1 uV" Temp="26.85" LTEreltol="1e-3" LTEabstol="1e-6" LTEfactor="1" Solver="CroutLU" relaxTSR="no" initialDC="yes" MaxStep="0"
=====SP=========

//
.SP: Type="lin" Start="1 GHz" Stop="10 GHz" Points="19" Noise="no" NoiseIP="1" NoiseOP="2" saveCVs="no" saveAll="no"
=====AC=========

//
.AC: Type="lin" Start="1 GHz" Stop="10 GHz" Points="19" Noise="no"
=====SW=========

//
.SW: Sim="" Type="lin" Param="R1" Start="5 Ohm" Stop="50 Ohm" Points="20"
=====Sub=========
<Sub SUB 1 0 0 0 0 0 0 "" 0>
Sub #(.File()) SUB(_net0);
