==============
  <Sub my_Sub 1 0 0 0 0 0 0 "" 0>
Sub #(.File()) my_Sub((null));
Sub:my_Sub (null) Type="Sub"
==============
  <Vdc * 1 0 0 18 -26 0 1 "1 V" 1>
Vdc #(.U(1 V)) my_Vdc((null), (null));
Vdc:my_Vdc (null) (null) U="1 V"
==============
  <Idc * 1 0 0 18 -26 0 1 "1 mA" 1>
Idc #(.I(1 mA)) my_Idc((null), (null));
Idc:my_Idc (null) (null) I="1 mA"
==============
  <VProbe Pr 1 0 0 28 -31 0 0>
VProbe #() my_VProbe((null), (null));
VProbe:my_VProbe (null) (null)
==============
  <VCVS * 1 0 0 -26 34 0 0 "1" 1 "0" 0>
VCVS #(.G(1), .T(0)) my_VCVS((null), (null), (null), (null));
VCVS:my_VCVS (null) (null) (null) (null) G="1" T="0"
==============
  <VCCS SRC 1 0 0 -26 34 0 0 "1 S" 1 "0" 0>
VCCS #(.G(1 S), .T(0)) my_VCCS((null), (null), (null), (null));
VCCS:my_VCCS (null) (null) (null) (null) G="1 S" T="0"
==============
  <Vrect * 1 0 0 18 -26 0 1 "1 V" 1 "1 ms" 1 "1 ms" 1 "1 ns" 0 "1 ns" 0 "0 ns" 0>
Vrect #(.U(1 V), .TH(1 ms), .TL(1 ms), .Tr(1 ns), .Tf(1 ns), .Td(0 ns)) my_Vrect((null), (null));
Vrect:my_Vrect (null) (null) U="1 V" TH="1 ms" TL="1 ms" Tr="1 ns" Tf="1 ns" Td="0 ns"
==============
  <Vac * 1 0 0 18 -26 0 1 "1 V" 1 "1 GHz" 0 "0" 0 "0" 0>
Vac #(.U(1 V), .f(1 GHz), .Phase(0), .Theta(0)) my_Vac((null), (null));
Vac:my_Vac (null) (null) U="1 V" f="1 GHz" Phase="0" Theta="0"
==============
  <Tr * 1 0 0 -29 38 0 0 "1" 1>
Tr #(.T(1)) my_Tr((null), (null), (null), (null));
Tr:my_Tr (null) (null) (null) (null) T="1"
==============
  <sTr * 1 0 0 -29 78 0 0 "1" 1 "1" 1>
sTr #(.T1(1), .T2(1)) my_sTr((null), (null), (null), (null), (null), (null));
sTr:my_sTr (null) (null) (null) (null) (null) (null) T1="1" T2="1"
==============
  <Port * 1 0 0 -23 12 0 0 "1" 1 "analog" 0>
Port #(.Num(1), .Type(analog)) my_Port((null));
Port:my_Port (null) Num="1" Type="analog"
==============
  <R * 1 0 0 -26 15 0 0 "50 Ohm" 1 "26.85" 0 "0.0" 0 "0.0" 0 "26.85" 0 "european" 0>
R #(.R(50 Ohm), .Temp(26.85), .Tc1(0.0), .Tc2(0.0), .Tnom(26.85), .Symbol(european)) my_R((null), (null));
R:my_R (null) (null) R="50 Ohm" Temp="26.85" Tc1="0.0" Tc2="0.0" Tnom="26.85"
==============
  <L * 1 0 0 -26 10 0 0 "1 nH" 1 "" 0>
L #(.L(1 nH), .I()) my_L((null), (null));
L:my_L (null) (null) L="1 nH" I=""
==============
  <C * 1 0 0 -26 17 0 0 "1 pF" 1 "" 0 "neutral" 0>
C #(.C(1 pF), .V(), .Symbol(neutral)) my_C((null), (null));
C:my_C (null) (null) C="1 pF" V=""
==============
  <GND * 5 0 0 0 0 0 0>
GND #() my_GND((null));
GND:my_GND (null)
==============
  <Eqn * 1 0 0 1 9 0 0 "y=1" 1 "yes" 0>
Eqn #(.y(1), .Export(yes)) my_Eqn();
Eqn:my_Eqn y="1" Export="yes"
==============
  <Pac * 1 0 0 18 -26 0 1 "1" 1 "50 Ohm" 1 "0 dBm" 0 "1 GHz" 0 "26.85" 0>
Pac #(.Num(1), .Z(50 Ohm), .P(0 dBm), .f(1 GHz), .Temp(26.85)) my_Pac((null), (null));
Pac:my_Pac (null) (null) Num="1" Z="50 Ohm" P="0 dBm" f="1 GHz" Temp="26.85"
==============

//
.DC: Temp="26.85" reltol="0.001" abstol="1 pA" vntol="1 uV" saveOPs="no" MaxIter="150" saveAll="no" convHelper="none" Solver="CroutLU"
=====TR=========

//
.: Type="lin" Start="0" Stop="1 ms" Points="11" IntegrationMethod="Trapezoidal" Order="2" InitialStep="1 ns" MinStep="1e-16" MaxIter="150" reltol="0.001" abstol="1 pA" vntol="1 uV" Temp="26.85" LTEreltol="1e-3" LTEabstol="1e-6" LTEfactor="1" Solver="CroutLU" relaxTSR="no" initialDC="yes" MaxStep="0"
==============

//
.: Type="lin" Start="1 GHz" Stop="10 GHz" Points="19" Noise="no" NoiseIP="1" NoiseOP="2" saveCVs="no" saveAll="no"
==============

//
.AC: Type="lin" Start="1 GHz" Stop="10 GHz" Points="19" Noise="no"
==============

//
.: Sim="" Type="lin" Param="R1" Start="5 Ohm" Stop="50 Ohm" Points="20"
==============
  <Diode D 1 0 0 -26 15 0 0 "1e-15 A" 1 "1" 1 "10 fF" 1 "0.5" 0 "0.7 V" 0 "0.5" 0 "0.0 fF" 0 "0.0" 0 "2.0" 0 "0.0 Ohm" 0 "0.0 ps" 0 "0" 0 "0.0" 0 "1.0" 0 "1.0" 0 "0" 0 "1 mA" 0 "26.85" 0 "3.0" 0 "1.11" 0 "0.0" 0 "0.0" 0 "0.0" 0 "0.0" 0 "0.0" 0 "0.0" 0 "26.85" 0 "1.0" 0 "normal" 0>
Diode #(.Is(1e-15 A), .N(1), .Cj0(10 fF), .M(0.5), .Vj(0.7 V), .Fc(0.5), .Cp(0.0 fF), .Isr(0.0), .Nr(2.0), .Rs(0.0 Ohm), .Tt(0.0 ps), .Ikf(0), .Kf(0.0), .Af(1.0), .Ffe(1.0), .Bv(0), .Ibv(1 mA), .Temp(26.85), .Xti(3.0), .Eg(1.11), .Tbv(0.0), .Trs(0.0), .Ttt1(0.0), .Ttt2(0.0), .Tm1(0.0), .Tm2(0.0), .Tnom(26.85), .Area(1.0), .Symbol(normal)) my_Diode((null), (null));
Diode:my_Diode (null) (null) Is="1e-15 A" N="1" Cj0="10 fF" M="0.5" Vj="0.7 V" Fc="0.5" Cp="0.0 fF" Isr="0.0" Nr="2.0" Rs="0.0 Ohm" Tt="0.0 ps" Ikf="0" Kf="0.0" Af="1.0" Ffe="1.0" Bv="0" Ibv="1 mA" Temp="26.85" Xti="3.0" Eg="1.11" Tbv="0.0" Trs="0.0" Ttt1="0.0" Ttt2="0.0" Tm1="0.0" Tm2="0.0" Tnom="26.85" Area="1.0"
