==============
  <Sub my_Sub 1 0 0 0 0 0 0 "" 0>
Sub #(.File()) my_Sub((null));
Sub:my_Sub (null)
==============
  <Vdc my_Vdc 1 0 0 18 -26 0 1 "1 V" 1>
Vdc #(.U(1 V)) my_Vdc((null), (null));
Vdc:my_Vdc (null) (null) U="1 V"
==============
  <Idc my_Idc 1 0 0 18 -26 0 1 "1 mA" 1>
Idc #(.I(1 mA)) my_Idc((null), (null));
Idc:my_Idc (null) (null) I="1 mA"
==============
  <VProbe my_VProbe 1 0 0 28 -31 0 0>
VProbe #() my_VProbe((null), (null));
VProbe:my_VProbe (null) (null)
==============
  <VCCS my_VCCS 1 0 0 -26 34 0 0 "1 S" 1 "0" 0>
VCCS #(.G(1 S), .T(0)) my_VCCS((null), (null), (null), (null));
VCCS:my_VCCS (null) (null) (null) (null) G="1 S" T="0"
==============
  <VCVS my_VCVS 1 0 0 -26 34 0 0 "1" 1 "0" 0>
VCVS #(.G(1), .T(0)) my_VCVS((null), (null), (null), (null));
VCVS:my_VCVS (null) (null) (null) (null) G="1" T="0"
==============
  <Vrect my_Vrect 1 0 0 18 -26 0 1 "1 V" 1 "1 ms" 1 "1 ms" 1 "1 ns" 0 "1 ns" 0 "0 ns" 0>
Vrect #(.U(1 V), .TH(1 ms), .TL(1 ms), .Tr(1 ns), .Tf(1 ns), .Td(0 ns)) my_Vrect((null), (null));
Vrect:my_Vrect (null) (null) U="1 V" TH="1 ms" TL="1 ms" Tr="1 ns" Tf="1 ns" Td="0 ns"
==============
  <Vac my_Vac 1 0 0 18 -26 0 1 "1 V" 1 "1 GHz" 0 "0" 0 "0" 0>
Vac #(.U(1 V), .f(1 GHz), .Phase(0), .Theta(0)) my_Vac((null), (null));
Vac:my_Vac (null) (null) U="1 V" f="1 GHz" Phase="0" Theta="0"
==============
  <Tr my_Tr 1 0 0 -29 38 0 0 "1" 1>
Tr #(.T(1)) my_Tr((null), (null), (null), (null));
Tr:my_Tr (null) (null) (null) (null) T="1"
==============
  <sTr my_sTr 1 0 0 -29 78 0 0 "1" 1 "1" 1>
sTr #(.T1(1), .T2(1)) my_sTr((null), (null), (null), (null), (null), (null));
sTr:my_sTr (null) (null) (null) (null) (null) (null) T1="1" T2="1"
==============
  <Iac my_Iac 1 0 0 20 -26 0 1 "1 mA" 1 "1 GHz" 0 "0" 0 "0" 0>
Iac #(.I(1 mA), .f(1 GHz), .Phase(0), .Theta(0)) my_Iac((null), (null));
Iac:my_Iac (null) (null) I="1 mA" f="1 GHz" Phase="0" Theta="0"
==============
  <C my_C 1 0 0 -26 17 0 0 "1 pF" 1 "" 0 "neutral" 0>
C #(.C(1 pF), .V(), .Symbol(neutral)) my_C((null), (null));
C:my_C (null) (null) C="1 pF" V=""
==============
  <L my_L 1 0 0 -26 10 0 0 "1 nH" 1 "" 0>
L #(.L(1 nH), .I()) my_L((null), (null));
L:my_L (null) (null) L="1 nH" I=""
==============
  <R my_R 1 0 0 -26 15 0 0 "50 Ohm" 1 "26.85" 0 "0.0" 0 "0.0" 0 "26.85" 0 "european" 0>
R #(.R(50 Ohm), .Temp(26.85), .Tc1(0.0), .Tc2(0.0), .Tnom(26.85), .Symbol(european)) my_R((null), (null));
R:my_R (null) (null) R="50 Ohm" Temp="26.85" Tc1="0.0" Tc2="0.0" Tnom="26.85"
==============
  <Port my_Port 1 0 0 -23 12 0 0 "1" 1 "analog" 0>
Port #(.Num(1), .Type(analog)) my_Port((null));
Port:my_Port (null) Num="1" Type=""
==============
  <GND my_GND 5 0 0 0 0 0 0>
GND #() my_GND((null));
GND:my_GND (null)
==============
  <Eqn my_Eqn 1 0 0 1 9 0 0 "y=1" 1 "yes" 0>
Eqn #(.y(1), .Export(yes)) my_Eqn();
Eqn:my_Eqn y="1" Export="yes"
==============
  <Pac my_Pac 1 0 0 18 -26 0 1 "1" 1 "50 Ohm" 1 "0 dBm" 0 "1 GHz" 0 "26.85" 0>
Pac #(.Num(1), .Z(50 Ohm), .P(0 dBm), .f(1 GHz), .Temp(26.85)) my_Pac((null), (null));
Pac:my_Pac (null) (null) Num="1" Z="50 Ohm" P="0 dBm" f="1 GHz" Temp="26.85"
==============
  <MCOUPLED my_MCOUPLED 1 0 0 -26 37 0 0 "Subst1" 1 "1 mm" 1 "10 mm" 1 "1 mm" 1 "Kirschning" 0 "Kirschning" 0 "26.85" 0>
MCOUPLED #(.Subst(Subst1), .W(1 mm), .L(10 mm), .S(1 mm), .Model(Kirschning), .DispModel(Kirschning), .Temp(26.85)) my_MCOUPLED((null), (null), (null), (null));
MCOUPLED:my_MCOUPLED (null) (null) (null) (null) Subst="Subst1" W="1 mm" L="10 mm" S="1 mm" Model="Kirschning" DispModel="Kirschning" Temp="26.85"
==============
  <.AC my_AC 1 0 0 0 33  0 0 "lin" 1 "1 GHz" 1 "10 GHz" 1 "19" 1 "no" 0>
//my_AC
.AC:my_AC Type="lin" Start="1 GHz" Stop="10 GHz" Points="19" Noise="no"
=====DC=========
  <.DC my_DC 1 0 0 0 33  0 0 "26.85" 0 "0.001" 0 "1 pA" 0 "1 uV" 0 "no" 0 "150" 0 "no" 0 "none" 0 "CroutLU" 0>
//my_DC
.DC:my_DC Temp="26.85" reltol="0.001" abstol="1 pA" vntol="1 uV" saveOPs="no" MaxIter="150" saveAll="no" convHelper="none" Solver="CroutLU"
==============
  <.SW my_SW 1 0 0 0 51  0 0 "" 1 "lin" 1 "R1" 1 "5 Ohm" 1 "50 Ohm" 1 "20" 1>
//my_SW
.SW:my_SW Sim="" Type="lin" Param="R1" Start="5 Ohm" Stop="50 Ohm" Points="20"
==============
  <.SP my_SP 1 0 0 0 51  0 0 "lin" 1 "1 GHz" 1 "10 GHz" 1 "19" 1 "no" 0 "1" 0 "2" 0 "no" 0 "no" 0>
//my_SP
.SP:my_SP Type="lin" Start="1 GHz" Stop="10 GHz" Points="19" Noise="no" NoiseIP="1" NoiseOP="2" saveCVs="no" saveAll="no"
=====TR=========
  <.TR my_TR 1 0 0 0 51  0 0 "lin" 1 "0" 1 "1 ms" 1 "11" 0 "Trapezoidal" 0 "2" 0 "1 ns" 0 "1e-16" 0 "150" 0 "0.001" 0 "1 pA" 0 "1 uV" 0 "26.85" 0 "1e-3" 0 "1e-6" 0 "1" 0 "CroutLU" 0 "no" 0 "yes" 0 "0" 0>
//my_TR
.TR:my_TR Type="lin" Start="0" Stop="1 ms" Points="11" IntegrationMethod="Trapezoidal" Order="2" InitialStep="1 ns" MinStep="1e-16" MaxIter="150" reltol="0.001" abstol="1 pA" vntol="1 uV" Temp="26.85" LTEreltol="1e-3" LTEabstol="1e-6" LTEfactor="1" Solver="CroutLU" relaxTSR="no" initialDC="yes" MaxStep="0"
==============
  <Diode my_Diode 1 0 0 -26 15 0 0 "1e-15 A" 1 "1" 1 "10 fF" 1 "0.5" 0 "0.7 V" 0 "0.5" 0 "0.0 fF" 0 "0.0" 0 "2.0" 0 "0.0 Ohm" 0 "0.0 ps" 0 "0" 0 "0.0" 0 "1.0" 0 "1.0" 0 "0" 0 "1 mA" 0 "26.85" 0 "3.0" 0 "1.11" 0 "0.0" 0 "0.0" 0 "0.0" 0 "0.0" 0 "0.0" 0 "0.0" 0 "26.85" 0 "1.0" 0 "normal" 0>
Diode #(.Is(1e-15 A), .N(1), .Cj0(10 fF), .M(0.5), .Vj(0.7 V), .Fc(0.5), .Cp(0.0 fF), .Isr(0.0), .Nr(2.0), .Rs(0.0 Ohm), .Tt(0.0 ps), .Ikf(0), .Kf(0.0), .Af(1.0), .Ffe(1.0), .Bv(0), .Ibv(1 mA), .Temp(26.85), .Xti(3.0), .Eg(1.11), .Tbv(0.0), .Trs(0.0), .Ttt1(0.0), .Ttt2(0.0), .Tm1(0.0), .Tm2(0.0), .Tnom(26.85), .Area(1.0), .Symbol(normal)) my_Diode((null), (null));
Diode:my_Diode (null) (null) Is="1e-15 A" N="1" Cj0="10 fF" M="0.5" Vj="0.7 V" Fc="0.5" Cp="0.0 fF" Isr="0.0" Nr="2.0" Rs="0.0 Ohm" Tt="0.0 ps" Ikf="0" Kf="0.0" Af="1.0" Ffe="1.0" Bv="0" Ibv="1 mA" Temp="26.85" Xti="3.0" Eg="1.11" Tbv="0.0" Trs="0.0" Ttt1="0.0" Ttt2="0.0" Tm1="0.0" Tm2="0.0" Tnom="26.85" Area="1.0"
==============

==============

==============

=====?????=========

==============

==============
  < my_ 1 0 0 0 0 0 0>
 #() my_();
:my_
==============
  < my_ 1 0 0 0 0 0 0>
 #() my_();
:my_
==============
  < my_ 1 0 0 0 0 0 0>
 #() my_();
:my_
==============
  < my_ 1 0 0 0 0 0 0>
 #() my_();
:my_
==============
  < my_ 1 0 0 0 0 0 0>
 #() my_();
:my_
==============
  < my_ 1 0 0 0 0 0 0>
 #() my_();
:my_
==============
  < my_ 1 0 0 0 0 0 0>
 #() my_();
:my_
==============
  < my_ 1 0 0 0 0 0 0>
 #() my_();
:my_
==============
  < my_ 1 0 0 0 0 0 0>
 #() my_();
:my_
==============
  < my_ 1 0 0 0 0 0 0>
 #() my_();
:my_
==============
  < my_ 1 0 0 0 0 0 0>
 #() my_();
:my_
==============
  < my_ 1 0 0 0 0 0 0>
 #() my_();
:my_
==============
  < my_ 1 0 0 0 0 0 0>
 #() my_();
:my_
==============
  < my_ 1 0 0 0 0 0 0>
 #() my_();
:my_
==============
  < my_ 1 0 0 0 0 0 0>
 #() my_();
:my_
==============
  < my_ 1 0 0 0 0 0 0>
 #() my_();
:my_
==============
  < my_ 1 0 0 0 0 0 0>
 #() my_();
:my_
==============
  < my_ 1 0 0 0 0 0 0>
 #() my_();
:my_
==============
  < my_ 1 0 0 0 0 0 0>
 #() my_();
:my_
==============
  < my_ 1 0 0 0 0 0 0>
 #() my_();
:my_
==============
  < my_ 1 0 0 0 0 0 0>
 #() my_();
:my_
==============
  < my_ 1 0 0 0 0 0 0>
 #() my_();
:my_
==============
  < my_ 1 0 0 0 0 0 0>
 #() my_();
:my_
==============
  < my_ 1 0 0 0 0 0 0>
 #() my_();
:my_
==============
  < my_ 1 0 0 0 0 0 0>
 #() my_();
:my_
==============
  < my_ 1 0 0 0 0 0 0>
 #() my_();
:my_
==============
  < my_ 1 0 0 0 0 0 0>
 #() my_();
:my_
==============
  < my_ 1 0 0 0 0 0 0>
 #() my_();
:my_
==============
  < my_ 1 0 0 0 0 0 0>
 #() my_();
:my_
==============
  < my_ 1 0 0 0 0 0 0>
 #() my_();
:my_
==============
  < my_ 1 0 0 0 0 0 0>
 #() my_();
:my_
==============
  < my_ 1 0 0 0 0 0 0>
 #() my_();
:my_
==============
  < my_ 1 0 0 0 0 0 0>
 #() my_();
:my_
==============
  < my_ 1 0 0 0 0 0 0>
 #() my_();
:my_
==============
  < my_ 1 0 0 0 0 0 0>
 #() my_();
:my_
==============
  < my_ 1 0 0 0 0 0 0>
 #() my_();
:my_
==============
  < my_ 1 0 0 0 0 0 0>
 #() my_();
:my_
==============
  < my_ 1 0 0 0 0 0 0>
 #() my_();
:my_
==============
  < my_ 1 0 0 0 0 0 0>
 #() my_();
:my_
==============
  < my_ 1 0 0 0 0 0 0>
 #() my_();
:my_
==============
  < my_ 1 0 0 0 0 0 0>
 #() my_();
:my_
==============
  < my_ 1 0 0 0 0 0 0>
 #() my_();
:my_
==============
  < my_ 1 0 0 0 0 0 0>
 #() my_();
:my_
==============
  < my_ 1 0 0 0 0 0 0>
 #() my_();
:my_
==============
  < my_ 1 0 0 0 0 0 0>
 #() my_();
:my_
==============
  < my_ 1 0 0 0 0 0 0>
 #() my_();
:my_
==============
  < my_ 1 0 0 0 0 0 0>
 #() my_();
:my_
==============
  < my_ 1 0 0 0 0 0 0>
 #() my_();
:my_
==============
  < my_ 1 0 0 0 0 0 0>
 #() my_();
:my_
==============
  < my_ 1 0 0 0 0 0 0>
 #() my_();
:my_
==============
  < my_ 1 0 0 0 0 0 0>
 #() my_();
:my_
==============
  < my_ 1 0 0 0 0 0 0>
 #() my_();
:my_
=====D_1N4148_=========
  < my_ 1 0 0 0 0 0 0>
 #() my_();
:my_
=====D_1N4148W_=========
  < my_ 1 0 0 0 0 0 0>
 #() my_();
:my_
=====D_1N4148WS_=========
  < my_ 1 0 0 0 0 0 0>
 #() my_();
:my_
=====D_1N4148WT_=========
  < my_ 1 0 0 0 0 0 0>
 #() my_();
:my_
=====D_1N4001_=========
  < my_ 1 0 0 0 0 0 0>
 #() my_();
:my_
=====D_1N4002_=========
  < my_ 1 0 0 0 0 0 0>
 #() my_();
:my_
=====D_1N4003_=========
  < my_ 1 0 0 0 0 0 0>
 #() my_();
:my_
=====D_1N4004_=========
  < my_ 1 0 0 0 0 0 0>
 #() my_();
:my_
=====D_1N4005_=========
  < my_ 1 0 0 0 0 0 0>
 #() my_();
:my_
=====D_1N4006_=========
  < my_ 1 0 0 0 0 0 0>
 #() my_();
:my_
=====D_1N4007_=========
  < my_ 1 0 0 0 0 0 0>
 #() my_();
:my_
=====D_1N5400_=========
  < my_ 1 0 0 0 0 0 0>
 #() my_();
:my_
=====D_1N5401_=========
  < my_ 1 0 0 0 0 0 0>
 #() my_();
:my_
=====D_1N5402_=========
  < my_ 1 0 0 0 0 0 0>
 #() my_();
:my_
=====D_1N5404_=========
  < my_ 1 0 0 0 0 0 0>
 #() my_();
:my_
=====D_1N5406_=========
  < my_ 1 0 0 0 0 0 0>
 #() my_();
:my_
=====D_1N5407_=========
  < my_ 1 0 0 0 0 0 0>
 #() my_();
:my_
=====D_1N5408_=========
  < my_ 1 0 0 0 0 0 0>
 #() my_();
:my_
=====D_6A05_=========
  < my_ 1 0 0 0 0 0 0>
 #() my_();
:my_
=====D_6A01_=========
  < my_ 1 0 0 0 0 0 0>
 #() my_();
:my_
=====D_6A02_=========
  < my_ 1 0 0 0 0 0 0>
 #() my_();
:my_
=====D_6A04_=========
  < my_ 1 0 0 0 0 0 0>
 #() my_();
:my_
=====D_6A06_=========
  < my_ 1 0 0 0 0 0 0>
 #() my_();
:my_
=====D_6A08_=========
  < my_ 1 0 0 0 0 0 0>
 #() my_();
:my_
=====D_6A10_=========
  < my_ 1 0 0 0 0 0 0>
 #() my_();
:my_
=====D_10A01_=========
  < my_ 1 0 0 0 0 0 0>
 #() my_();
:my_
=====D_10A2_=========
  < my_ 1 0 0 0 0 0 0>
 #() my_();
:my_
=====D_10A03_=========
  < my_ 1 0 0 0 0 0 0>
 #() my_();
:my_
=====D_10A04_=========
  < my_ 1 0 0 0 0 0 0>
 #() my_();
:my_
=====D_10A05_=========
  < my_ 1 0 0 0 0 0 0>
 #() my_();
:my_
=====D_10A06_=========
  < my_ 1 0 0 0 0 0 0>
 #() my_();
:my_
=====D_10A07_=========
  < my_ 1 0 0 0 0 0 0>
 #() my_();
:my_
=====D_DFLR1200_=========
  < my_ 1 0 0 0 0 0 0>
 #() my_();
:my_
=====D_DLFR1400_=========
  < my_ 1 0 0 0 0 0 0>
 #() my_();
:my_
=====D_S1A_=========
  < my_ 1 0 0 0 0 0 0>
 #() my_();
:my_
=====D_S1AB_=========
  < my_ 1 0 0 0 0 0 0>
 #() my_();
:my_
=====D_S1B_=========
  < my_ 1 0 0 0 0 0 0>
 #() my_();
:my_
=====D_S1BB_=========
  < my_ 1 0 0 0 0 0 0>
 #() my_();
:my_
=====D_S1D_=========
  < my_ 1 0 0 0 0 0 0>
 #() my_();
:my_
=====D_S1DB_=========
  < my_ 1 0 0 0 0 0 0>
 #() my_();
:my_
=====D_S1G_=========
  < my_ 1 0 0 0 0 0 0>
 #() my_();
:my_
=====D_S1GB_=========
  < my_ 1 0 0 0 0 0 0>
 #() my_();
:my_
=====D_S1J_=========
  < my_ 1 0 0 0 0 0 0>
 #() my_();
:my_
=====D_S1JB_=========
  < my_ 1 0 0 0 0 0 0>
 #() my_();
:my_
=====D_S1K_=========
  < my_ 1 0 0 0 0 0 0>
 #() my_();
:my_
=====D_S1KB_=========
  < my_ 1 0 0 0 0 0 0>
 #() my_();
:my_
=====D_S1M_=========
  < my_ 1 0 0 0 0 0 0>
 #() my_();
:my_
=====D_S1MB_=========
  < my_ 1 0 0 0 0 0 0>
 #() my_();
:my_
=====D_S2A_=========
  < my_ 1 0 0 0 0 0 0>
 #() my_();
:my_
=====D_S2B_=========
  < my_ 1 0 0 0 0 0 0>
 #() my_();
:my_
=====D_S2D_=========
  < my_ 1 0 0 0 0 0 0>
 #() my_();
:my_
=====D_S2G_=========
  < my_ 1 0 0 0 0 0 0>
 #() my_();
:my_
=====D_S2J_=========
  < my_ 1 0 0 0 0 0 0>
 #() my_();
:my_
=====D_S2K_=========
  < my_ 1 0 0 0 0 0 0>
 #() my_();
:my_
=====D_S2M_=========
  < my_ 1 0 0 0 0 0 0>
 #() my_();
:my_
=====D_S3A_=========
  < my_ 1 0 0 0 0 0 0>
 #() my_();
:my_
=====D_S3BB_=========
  < my_ 1 0 0 0 0 0 0>
 #() my_();
:my_
=====D_S3D_=========
  < my_ 1 0 0 0 0 0 0>
 #() my_();
:my_
=====D_S3GB_=========
  < my_ 1 0 0 0 0 0 0>
 #() my_();
:my_
=====D_S3K_=========
  < my_ 1 0 0 0 0 0 0>
 #() my_();
:my_
=====D_S3M_=========
  < my_ 1 0 0 0 0 0 0>
 #() my_();
:my_
=====D_S5AC_=========
  < my_ 1 0 0 0 0 0 0>
 #() my_();
:my_
=====D_S5BC_=========
  < my_ 1 0 0 0 0 0 0>
 #() my_();
:my_
=====D_S5DC_=========
  < my_ 1 0 0 0 0 0 0>
 #() my_();
:my_
=====D_S5GC_=========
  < my_ 1 0 0 0 0 0 0>
 #() my_();
:my_
=====D_S5JC_=========
  < my_ 1 0 0 0 0 0 0>
 #() my_();
:my_
=====D_S5KC_=========
  < my_ 1 0 0 0 0 0 0>
 #() my_();
:my_
=====D_S5MC_=========
  < my_ 1 0 0 0 0 0 0>
 #() my_();
:my_
=====D_BAL99_=========
  < my_ 1 0 0 0 0 0 0>
 #() my_();
:my_
=====D_BAS116_=========
  < my_ 1 0 0 0 0 0 0>
 #() my_();
:my_
=====D_BAS116T_=========
  < my_ 1 0 0 0 0 0 0>
 #() my_();
:my_
=====D_BAS16T_=========
  < my_ 1 0 0 0 0 0 0>
 #() my_();
:my_
=====D_BAS16TW_=========
  < my_ 1 0 0 0 0 0 0>
 #() my_();
:my_
=====D_BAS16V_=========
  < my_ 1 0 0 0 0 0 0>
 #() my_();
:my_
=====D_BAS16W_=========
  < my_ 1 0 0 0 0 0 0>
 #() my_();
:my_
=====D_BAS19_=========
  < my_ 1 0 0 0 0 0 0>
 #() my_();
:my_
=====D_BAS19W_=========
  < my_ 1 0 0 0 0 0 0>
 #() my_();
:my_
=====D_BAS20_=========
  < my_ 1 0 0 0 0 0 0>
 #() my_();
:my_
=====D_BAS20W_=========
  < my_ 1 0 0 0 0 0 0>
 #() my_();
:my_
=====D_BAS21_=========
  < my_ 1 0 0 0 0 0 0>
 #() my_();
:my_
=====D_BAS21T_=========
  < my_ 1 0 0 0 0 0 0>
 #() my_();
:my_
=====D_BAS21W_=========
  < my_ 1 0 0 0 0 0 0>
 #() my_();
:my_
=====D_BAV116W_=========
  < my_ 1 0 0 0 0 0 0>
 #() my_();
:my_
=====D_BAV16W_=========
  < my_ 1 0 0 0 0 0 0>
 #() my_();
:my_
=====D_BAV16WS_=========
  < my_ 1 0 0 0 0 0 0>
 #() my_();
:my_
=====D_BAV170_=========
  < my_ 1 0 0 0 0 0 0>
 #() my_();
:my_
=====D_BAV170T_=========
  < my_ 1 0 0 0 0 0 0>
 #() my_();
:my_
=====D_BAV199_=========
  < my_ 1 0 0 0 0 0 0>
 #() my_();
:my_
=====D_BAV199DW_=========
  < my_ 1 0 0 0 0 0 0>
 #() my_();
:my_
=====D_BAV199T_=========
  < my_ 1 0 0 0 0 0 0>
 #() my_();
:my_
=====D_BAV19W_=========
  < my_ 1 0 0 0 0 0 0>
 #() my_();
:my_
=====D_BAV19WS_=========
  < my_ 1 0 0 0 0 0 0>
 #() my_();
:my_
=====D_BAV20W_=========
  < my_ 1 0 0 0 0 0 0>
 #() my_();
:my_
=====D_BAV20WS_=========
  < my_ 1 0 0 0 0 0 0>
 #() my_();
:my_
=====D_BAV21W_=========
  < my_ 1 0 0 0 0 0 0>
 #() my_();
:my_
=====D_BAV21WS_=========
  < my_ 1 0 0 0 0 0 0>
 #() my_();
:my_
=====D_BAV23A_=========
  < my_ 1 0 0 0 0 0 0>
 #() my_();
:my_
=====D_BAV23C_=========
  < my_ 1 0 0 0 0 0 0>
 #() my_();
:my_
=====D_BAV23S_=========
  < my_ 1 0 0 0 0 0 0>
 #() my_();
:my_
=====D_BAV3004W_=========
  < my_ 1 0 0 0 0 0 0>
 #() my_();
:my_
=====D_BAV70_=========
  < my_ 1 0 0 0 0 0 0>
 #() my_();
:my_
=====D_BAV70T_=========
  < my_ 1 0 0 0 0 0 0>
 #() my_();
:my_
=====D_BAV70W_=========
  < my_ 1 0 0 0 0 0 0>
 #() my_();
:my_
=====D_BAV756DW_=========
  < my_ 1 0 0 0 0 0 0>
 #() my_();
:my_
=====D_BAV99_=========
  < my_ 1 0 0 0 0 0 0>
 #() my_();
:my_
=====D_BAV99BRW_=========
  < my_ 1 0 0 0 0 0 0>
 #() my_();
:my_
=====D_BAV99DW_=========
  < my_ 1 0 0 0 0 0 0>
 #() my_();
:my_
=====D_BAV99T_=========
  < my_ 1 0 0 0 0 0 0>
 #() my_();
:my_
=====D_BAV99W_=========
  < my_ 1 0 0 0 0 0 0>
 #() my_();
:my_
=====D_BAW156_=========
  < my_ 1 0 0 0 0 0 0>
 #() my_();
:my_
=====D_BAW156T_=========
  < my_ 1 0 0 0 0 0 0>
 #() my_();
:my_
=====D_BAW56_=========
  < my_ 1 0 0 0 0 0 0>
 #() my_();
:my_
=====D_BAW567DW_=========
  < my_ 1 0 0 0 0 0 0>
 #() my_();
:my_
=====D_BAW56DW_=========
  < my_ 1 0 0 0 0 0 0>
 #() my_();
:my_
=====D_BAW56T_=========
  < my_ 1 0 0 0 0 0 0>
 #() my_();
:my_
=====D_BAW56W_=========
  < my_ 1 0 0 0 0 0 0>
 #() my_();
:my_
=====D_LL4148_=========
  < my_ 1 0 0 0 0 0 0>
 #() my_();
:my_
=====D_BAS40_=========
  < my_ 1 0 0 0 0 0 0>
 #() my_();
:my_
=====D_BAS70_=========
  < my_ 1 0 0 0 0 0 0>
 #() my_();
:my_
=====BAS40_=========
  < my_ 1 0 0 0 0 0 0>
 #() my_();
:my_
=====BAS70_=========
  < my_ 1 0 0 0 0 0 0>
 #() my_();
:my_
==============
  < my_ 1 0 0 0 0 0 0>
 #() my_();
:my_
==============
  < my_ 1 0 0 0 0 0 0>
 #() my_();
:my_
==============
  < my_ 1 0 0 0 0 0 0>
 #() my_();
:my_
==============
  < my_ 1 0 0 0 0 0 0>
 #() my_();
:my_
==============
  < my_ 1 0 0 0 0 0 0>
 #() my_();
:my_
==============
  < my_ 1 0 0 0 0 0 0>
 #() my_();
:my_
==============
  < my_ 1 0 0 0 0 0 0>
 #() my_();
:my_
==============
  < my_ 1 0 0 0 0 0 0>
 #() my_();
:my_
==============
  < my_ 1 0 0 0 0 0 0>
 #() my_();
:my_
==============
  < my_ 1 0 0 0 0 0 0>
 #() my_();
:my_
==============
  < my_ 1 0 0 0 0 0 0>
 #() my_();
:my_
==============
  < my_ 1 0 0 0 0 0 0>
 #() my_();
:my_
==============
  < my_ 1 0 0 0 0 0 0>
 #() my_();
:my_
==============
  < my_ 1 0 0 0 0 0 0>
 #() my_();
:my_
==============
  < my_ 1 0 0 0 0 0 0>
 #() my_();
:my_
==============
  < my_ 1 0 0 0 0 0 0>
 #() my_();
:my_
==============
  < my_ 1 0 0 0 0 0 0>
 #() my_();
:my_
==============
  < my_ 1 0 0 0 0 0 0>
 #() my_();
:my_
==============
  < my_ 1 0 0 0 0 0 0>
 #() my_();
:my_
==============
  < my_ 1 0 0 0 0 0 0>
 #() my_();
:my_
==============
  < my_ 1 0 0 0 0 0 0>
 #() my_();
:my_
==============
  < my_ 1 0 0 0 0 0 0>
 #() my_();
:my_
==============
  < my_ 1 0 0 0 0 0 0>
 #() my_();
:my_
==============
  < my_ 1 0 0 0 0 0 0>
 #() my_();
:my_
==============
  < my_ 1 0 0 0 0 0 0>
 #() my_();
:my_
==============
  < my_ 1 0 0 0 0 0 0>
 #() my_();
:my_
==============
  < my_ 1 0 0 0 0 0 0>
 #() my_();
:my_
==============
  < my_ 1 0 0 0 0 0 0>
 #() my_();
:my_
==============
  < my_ 1 0 0 0 0 0 0>
 #() my_();
:my_
==============
  < my_ 1 0 0 0 0 0 0>
 #() my_();
:my_
==============
  < my_ 1 0 0 0 0 0 0>
 #() my_();
:my_
==============
  < my_ 1 0 0 0 0 0 0>
 #() my_();
:my_
==============
  < my_ 1 0 0 0 0 0 0>
 #() my_();
:my_
==============
  < my_ 1 0 0 0 0 0 0>
 #() my_();
:my_
==============
  < my_ 1 0 0 0 0 0 0>
 #() my_();
:my_
==============
  < my_ 1 0 0 0 0 0 0>
 #() my_();
:my_
==============
  < my_ 1 0 0 0 0 0 0>
 #() my_();
:my_
==============
  < my_ 1 0 0 0 0 0 0>
 #() my_();
:my_
==============
  < my_ 1 0 0 0 0 0 0>
 #() my_();
:my_
==============
  < my_ 1 0 0 0 0 0 0>
 #() my_();
:my_
==============
  < my_ 1 0 0 0 0 0 0>
 #() my_();
:my_
==============
  < my_ 1 0 0 0 0 0 0>
 #() my_();
:my_
==============
  < my_ 1 0 0 0 0 0 0>
 #() my_();
:my_
==============
  < my_ 1 0 0 0 0 0 0>
 #() my_();
:my_
==============
  < my_ 1 0 0 0 0 0 0>
 #() my_();
:my_
==============
  < my_ 1 0 0 0 0 0 0>
 #() my_();
:my_
==============
  < my_ 1 0 0 0 0 0 0>
 #() my_();
:my_
==============
  < my_ 1 0 0 0 0 0 0>
 #() my_();
:my_
==============
  < my_ 1 0 0 0 0 0 0>
 #() my_();
:my_
==============
  < my_ 1 0 0 0 0 0 0>
 #() my_();
:my_
==============
  < my_ 1 0 0 0 0 0 0>
 #() my_();
:my_
==============
  < my_ 1 0 0 0 0 0 0>
 #() my_();
:my_
==============
  < my_ 1 0 0 0 0 0 0>
 #() my_();
:my_
==============
  < my_ 1 0 0 0 0 0 0>
 #() my_();
:my_
==============
  < my_ 1 0 0 0 0 0 0>
 #() my_();
:my_
==============
  < my_ 1 0 0 0 0 0 0>
 #() my_();
:my_
==============
  < my_ 1 0 0 0 0 0 0>
 #() my_();
:my_
==============
  < my_ 1 0 0 0 0 0 0>
 #() my_();
:my_
==============
  < my_ 1 0 0 0 0 0 0>
 #() my_();
:my_
==============
  < my_ 1 0 0 0 0 0 0>
 #() my_();
:my_
==============
  < my_ 1 0 0 0 0 0 0>
 #() my_();
:my_
==============
  < my_ 1 0 0 0 0 0 0>
 #() my_();
:my_
==============
  < my_ 1 0 0 0 0 0 0>
 #() my_();
:my_
==============
  < my_ 1 0 0 0 0 0 0>
 #() my_();
:my_
==============
  < my_ 1 0 0 0 0 0 0>
 #() my_();
:my_
==============
  < my_ 1 0 0 0 0 0 0>
 #() my_();
:my_
==============
  < my_ 1 0 0 0 0 0 0>
 #() my_();
:my_
==============
  < my_ 1 0 0 0 0 0 0>
 #() my_();
:my_
==============
  < my_ 1 0 0 0 0 0 0>
 #() my_();
:my_
==============
  < my_ 1 0 0 0 0 0 0>
 #() my_();
:my_
==============
  < my_ 1 0 0 0 0 0 0>
 #() my_();
:my_
==============
  < my_ 1 0 0 0 0 0 0>
 #() my_();
:my_
==============
  < my_ 1 0 0 0 0 0 0>
 #() my_();
:my_
==============
  < my_ 1 0 0 0 0 0 0>
 #() my_();
:my_
==============
  < my_ 1 0 0 0 0 0 0>
 #() my_();
:my_
==============
  < my_ 1 0 0 0 0 0 0>
 #() my_();
:my_
==============
  < my_ 1 0 0 0 0 0 0>
 #() my_();
:my_
==============
  < my_ 1 0 0 0 0 0 0>
 #() my_();
:my_
==============
  < my_ 1 0 0 0 0 0 0>
 #() my_();
:my_
==============
  < my_ 1 0 0 0 0 0 0>
 #() my_();
:my_
==============
  < my_ 1 0 0 0 0 0 0>
 #() my_();
:my_
==============
  < my_ 1 0 0 0 0 0 0>
 #() my_();
:my_
==============
  < my_ 1 0 0 0 0 0 0>
 #() my_();
:my_
==============
  < my_ 1 0 0 0 0 0 0>
 #() my_();
:my_
==============
  < my_ 1 0 0 0 0 0 0>
 #() my_();
:my_
==============
  < my_ 1 0 0 0 0 0 0>
 #() my_();
:my_
==============
  < my_ 1 0 0 0 0 0 0>
 #() my_();
:my_
==============
  < my_ 1 0 0 0 0 0 0>
 #() my_();
:my_
==============
  < my_ 1 0 0 0 0 0 0>
 #() my_();
:my_
==============
  < my_ 1 0 0 0 0 0 0>
 #() my_();
:my_
==============
  < my_ 1 0 0 0 0 0 0>
 #() my_();
:my_
==============
  < my_ 1 0 0 0 0 0 0>
 #() my_();
:my_
==============
  < my_ 1 0 0 0 0 0 0>
 #() my_();
:my_
==============
  < my_ 1 0 0 0 0 0 0>
 #() my_();
:my_
==============
  < my_ 1 0 0 0 0 0 0>
 #() my_();
:my_
==============
  < my_ 1 0 0 0 0 0 0>
 #() my_();
:my_
==============
  < my_ 1 0 0 0 0 0 0>
 #() my_();
:my_
==============
  < my_ 1 0 0 0 0 0 0>
 #() my_();
:my_
==============
  < my_ 1 0 0 0 0 0 0>
 #() my_();
:my_
==============
  < my_ 1 0 0 0 0 0 0>
 #() my_();
:my_
==============
  < my_ 1 0 0 0 0 0 0>
 #() my_();
:my_
==============
  < my_ 1 0 0 0 0 0 0>
 #() my_();
:my_
==============
  < my_ 1 0 0 0 0 0 0>
 #() my_();
:my_
==============
  < my_ 1 0 0 0 0 0 0>
 #() my_();
:my_
==============
  < my_ 1 0 0 0 0 0 0>
 #() my_();
:my_
==============
  < my_ 1 0 0 0 0 0 0>
 #() my_();
:my_
==============
  < my_ 1 0 0 0 0 0 0>
 #() my_();
:my_
==============
  < my_ 1 0 0 0 0 0 0>
 #() my_();
:my_
==============
  < my_ 1 0 0 0 0 0 0>
 #() my_();
:my_
==============
  < my_ 1 0 0 0 0 0 0>
 #() my_();
:my_
==============
  < my_ 1 0 0 0 0 0 0>
 #() my_();
:my_
==============
  < my_ 1 0 0 0 0 0 0>
 #() my_();
:my_
==============
  < my_ 1 0 0 0 0 0 0>
 #() my_();
:my_
==============
  < my_ 1 0 0 0 0 0 0>
 #() my_();
:my_
==============
  < my_ 1 0 0 0 0 0 0>
 #() my_();
:my_
==============
  < my_ 1 0 0 0 0 0 0>
 #() my_();
:my_
==============
  < my_ 1 0 0 0 0 0 0>
 #() my_();
:my_
==============
  < my_ 1 0 0 0 0 0 0>
 #() my_();
:my_
==============
  < my_ 1 0 0 0 0 0 0>
 #() my_();
:my_
==============
  < my_ 1 0 0 0 0 0 0>
 #() my_();
:my_
==============
  < my_ 1 0 0 0 0 0 0>
 #() my_();
:my_
==============
  < my_ 1 0 0 0 0 0 0>
 #() my_();
:my_
==============
  < my_ 1 0 0 0 0 0 0>
 #() my_();
:my_
==============
  < my_ 1 0 0 0 0 0 0>
 #() my_();
:my_
==============
  < my_ 1 0 0 0 0 0 0>
 #() my_();
:my_
==============
  < my_ 1 0 0 0 0 0 0>
 #() my_();
:my_
==============
  < my_ 1 0 0 0 0 0 0>
 #() my_();
:my_
==============
  < my_ 1 0 0 0 0 0 0>
 #() my_();
:my_
==============
  < my_ 1 0 0 0 0 0 0>
 #() my_();
:my_
==============
  < my_ 1 0 0 0 0 0 0>
 #() my_();
:my_
==============
  < my_ 1 0 0 0 0 0 0>
 #() my_();
:my_
==============
  < my_ 1 0 0 0 0 0 0>
 #() my_();
:my_
==============
  < my_ 1 0 0 0 0 0 0>
 #() my_();
:my_
==============
  < my_ 1 0 0 0 0 0 0>
 #() my_();
:my_
==============
  < my_ 1 0 0 0 0 0 0>
 #() my_();
:my_
==============
  < my_ 1 0 0 0 0 0 0>
 #() my_();
:my_
==============
  < my_ 1 0 0 0 0 0 0>
 #() my_();
:my_
==============
  < my_ 1 0 0 0 0 0 0>
 #() my_();
:my_
==============
  < my_ 1 0 0 0 0 0 0>
 #() my_();
:my_
==============
  < my_ 1 0 0 0 0 0 0>
 #() my_();
:my_
==============
  < my_ 1 0 0 0 0 0 0>
 #() my_();
:my_
==============
  < my_ 1 0 0 0 0 0 0>
 #() my_();
:my_
==============
  < my_ 1 0 0 0 0 0 0>
 #() my_();
:my_
==============
  < my_ 1 0 0 0 0 0 0>
 #() my_();
:my_
==============
  < my_ 1 0 0 0 0 0 0>
 #() my_();
:my_
==============
  < my_ 1 0 0 0 0 0 0>
 #() my_();
:my_
==============
  < my_ 1 0 0 0 0 0 0>
 #() my_();
:my_
==============
  < my_ 1 0 0 0 0 0 0>
 #() my_();
:my_
==============
  < my_ 1 0 0 0 0 0 0>
 #() my_();
:my_
==============
  < my_ 1 0 0 0 0 0 0>
 #() my_();
:my_
==============
  < my_ 1 0 0 0 0 0 0>
 #() my_();
:my_
==============
  < my_ 1 0 0 0 0 0 0>
 #() my_();
:my_
==============
  < my_ 1 0 0 0 0 0 0>
 #() my_();
:my_
==============
  < my_ 1 0 0 0 0 0 0>
 #() my_();
:my_
==============
  < my_ 1 0 0 0 0 0 0>
 #() my_();
:my_
==============
  < my_ 1 0 0 0 0 0 0>
 #() my_();
:my_
==============
  < my_ 1 0 0 0 0 0 0>
 #() my_();
:my_
==============
  < my_ 1 0 0 0 0 0 0>
 #() my_();
:my_
==============
  < my_ 1 0 0 0 0 0 0>
 #() my_();
:my_
==============
  < my_ 1 0 0 0 0 0 0>
 #() my_();
:my_
==============
  < my_ 1 0 0 0 0 0 0>
 #() my_();
:my_
==============
  < my_ 1 0 0 0 0 0 0>
 #() my_();
:my_
==============
  < my_ 1 0 0 0 0 0 0>
 #() my_();
:my_
==============
  < my_ 1 0 0 0 0 0 0>
 #() my_();
:my_
==============
  < my_ 1 0 0 0 0 0 0>
 #() my_();
:my_
==============
  < my_ 1 0 0 0 0 0 0>
 #() my_();
:my_
==============
  < my_ 1 0 0 0 0 0 0>
 #() my_();
:my_
==============
  < my_ 1 0 0 0 0 0 0>
 #() my_();
:my_
==============
  < my_ 1 0 0 0 0 0 0>
 #() my_();
:my_
==============
  < my_ 1 0 0 0 0 0 0>
 #() my_();
:my_
==============
  < my_ 1 0 0 0 0 0 0>
 #() my_();
:my_
==============
  < my_ 1 0 0 0 0 0 0>
 #() my_();
:my_
==============
  < my_ 1 0 0 0 0 0 0>
 #() my_();
:my_
==============
  < my_ 1 0 0 0 0 0 0>
 #() my_();
:my_
==============
  < my_ 1 0 0 0 0 0 0>
 #() my_();
:my_
==============
  < my_ 1 0 0 0 0 0 0>
 #() my_();
:my_
==============
  < my_ 1 0 0 0 0 0 0>
 #() my_();
:my_
==============
  < my_ 1 0 0 0 0 0 0>
 #() my_();
:my_
==============
  < my_ 1 0 0 0 0 0 0>
 #() my_();
:my_
==============
  < my_ 1 0 0 0 0 0 0>
 #() my_();
:my_
==============
  < my_ 1 0 0 0 0 0 0>
 #() my_();
:my_
==============
  < my_ 1 0 0 0 0 0 0>
 #() my_();
:my_
==============
  < my_ 1 0 0 0 0 0 0>
 #() my_();
:my_
==============
  < my_ 1 0 0 0 0 0 0>
 #() my_();
:my_
==============
  < my_ 1 0 0 0 0 0 0>
 #() my_();
:my_
==============
  < my_ 1 0 0 0 0 0 0>
 #() my_();
:my_
==============
  < my_ 1 0 0 0 0 0 0>
 #() my_();
:my_
==============
  < my_ 1 0 0 0 0 0 0>
 #() my_();
:my_
==============
  < my_ 1 0 0 0 0 0 0>
 #() my_();
:my_
==============
  < my_ 1 0 0 0 0 0 0>
 #() my_();
:my_
==============
  < my_ 1 0 0 0 0 0 0>
 #() my_();
:my_
==============
  < my_ 1 0 0 0 0 0 0>
 #() my_();
:my_
==============
  < my_ 1 0 0 0 0 0 0>
 #() my_();
:my_
==============
  < my_ 1 0 0 0 0 0 0>
 #() my_();
:my_
==============
  < my_ 1 0 0 0 0 0 0>
 #() my_();
:my_
==============
  < my_ 1 0 0 0 0 0 0>
 #() my_();
:my_
==============
  < my_ 1 0 0 0 0 0 0>
 #() my_();
:my_
==============
  < my_ 1 0 0 0 0 0 0>
 #() my_();
:my_
==============
  < my_ 1 0 0 0 0 0 0>
 #() my_();
:my_
==============
  < my_ 1 0 0 0 0 0 0>
 #() my_();
:my_
==============
  < my_ 1 0 0 0 0 0 0>
 #() my_();
:my_
==============
  < my_ 1 0 0 0 0 0 0>
 #() my_();
:my_
==============
  < my_ 1 0 0 0 0 0 0>
 #() my_();
:my_
==============
  < my_ 1 0 0 0 0 0 0>
 #() my_();
:my_
==============
  < my_ 1 0 0 0 0 0 0>
 #() my_();
:my_
==============
  < my_ 1 0 0 0 0 0 0>
 #() my_();
:my_
==============
  < my_ 1 0 0 0 0 0 0>
 #() my_();
:my_
==============
  < my_ 1 0 0 0 0 0 0>
 #() my_();
:my_
==============
  < my_ 1 0 0 0 0 0 0>
 #() my_();
:my_
==============
  < my_ 1 0 0 0 0 0 0>
 #() my_();
:my_
==============
  < my_ 1 0 0 0 0 0 0>
 #() my_();
:my_
==============
  < my_ 1 0 0 0 0 0 0>
 #() my_();
:my_
==============
  < my_ 1 0 0 0 0 0 0>
 #() my_();
:my_
==============
  < my_ 1 0 0 0 0 0 0>
 #() my_();
:my_
==============
  < my_ 1 0 0 0 0 0 0>
 #() my_();
:my_
==============
  < my_ 1 0 0 0 0 0 0>
 #() my_();
:my_
==============
  < my_ 1 0 0 0 0 0 0>
 #() my_();
:my_
==============
  < my_ 1 0 0 0 0 0 0>
 #() my_();
:my_
==============
  < my_ 1 0 0 0 0 0 0>
 #() my_();
:my_
==============
  < my_ 1 0 0 0 0 0 0>
 #() my_();
:my_
==============
  < my_ 1 0 0 0 0 0 0>
 #() my_();
:my_
==============
  < my_ 1 0 0 0 0 0 0>
 #() my_();
:my_
==============
  < my_ 1 0 0 0 0 0 0>
 #() my_();
:my_
==============
  < my_ 1 0 0 0 0 0 0>
 #() my_();
:my_
==============
  < my_ 1 0 0 0 0 0 0>
 #() my_();
:my_
==============
  < my_ 1 0 0 0 0 0 0>
 #() my_();
:my_
==============
  < my_ 1 0 0 0 0 0 0>
 #() my_();
:my_
==============
  < my_ 1 0 0 0 0 0 0>
 #() my_();
:my_
==============
  < my_ 1 0 0 0 0 0 0>
 #() my_();
:my_
==============
  < my_ 1 0 0 0 0 0 0>
 #() my_();
:my_
==============
  < my_ 1 0 0 0 0 0 0>
 #() my_();
:my_
==============
  < my_ 1 0 0 0 0 0 0>
 #() my_();
:my_
==============
  < my_ 1 0 0 0 0 0 0>
 #() my_();
:my_
==============
  < my_ 1 0 0 0 0 0 0>
 #() my_();
:my_
==============
  < my_ 1 0 0 0 0 0 0>
 #() my_();
:my_
==============
  < my_ 1 0 0 0 0 0 0>
 #() my_();
:my_
==============
  < my_ 1 0 0 0 0 0 0>
 #() my_();
:my_
==============
  < my_ 1 0 0 0 0 0 0>
 #() my_();
:my_
==============
  < my_ 1 0 0 0 0 0 0>
 #() my_();
:my_
==============
  < my_ 1 0 0 0 0 0 0>
 #() my_();
:my_
==============
  < my_ 1 0 0 0 0 0 0>
 #() my_();
:my_
==============
  < my_ 1 0 0 0 0 0 0>
 #() my_();
:my_
==============
  < my_ 1 0 0 0 0 0 0>
 #() my_();
:my_
==============
  < my_ 1 0 0 0 0 0 0>
 #() my_();
:my_
==============
  < my_ 1 0 0 0 0 0 0>
 #() my_();
:my_
==============
  < my_ 1 0 0 0 0 0 0>
 #() my_();
:my_
==============
  < my_ 1 0 0 0 0 0 0>
 #() my_();
:my_
==============
  < my_ 1 0 0 0 0 0 0>
 #() my_();
:my_
==============
  < my_ 1 0 0 0 0 0 0>
 #() my_();
:my_
==============
  < my_ 1 0 0 0 0 0 0>
 #() my_();
:my_
==============
  < my_ 1 0 0 0 0 0 0>
 #() my_();
:my_
==============
  < my_ 1 0 0 0 0 0 0>
 #() my_();
:my_
==============
  < my_ 1 0 0 0 0 0 0>
 #() my_();
:my_
==============
  < my_ 1 0 0 0 0 0 0>
 #() my_();
:my_
==============
  < my_ 1 0 0 0 0 0 0>
 #() my_();
:my_
==============
  < my_ 1 0 0 0 0 0 0>
 #() my_();
:my_
==============
  < my_ 1 0 0 0 0 0 0>
 #() my_();
:my_
==============
  < my_ 1 0 0 0 0 0 0>
 #() my_();
:my_
==============
  < my_ 1 0 0 0 0 0 0>
 #() my_();
:my_
==============
  < my_ 1 0 0 0 0 0 0>
 #() my_();
:my_
==============
  < my_ 1 0 0 0 0 0 0>
 #() my_();
:my_
==============
  < my_ 1 0 0 0 0 0 0>
 #() my_();
:my_
==============
  < my_ 1 0 0 0 0 0 0>
 #() my_();
:my_
==============
  < my_ 1 0 0 0 0 0 0>
 #() my_();
:my_
==============
  < my_ 1 0 0 0 0 0 0>
 #() my_();
:my_
==============
  < my_ 1 0 0 0 0 0 0>
 #() my_();
:my_
==============
  < my_ 1 0 0 0 0 0 0>
 #() my_();
:my_
==============
  < my_ 1 0 0 0 0 0 0>
 #() my_();
:my_
==============
  < my_ 1 0 0 0 0 0 0>
 #() my_();
:my_
==============
  < my_ 1 0 0 0 0 0 0>
 #() my_();
:my_
==============
  < my_ 1 0 0 0 0 0 0>
 #() my_();
:my_
==============
  < my_ 1 0 0 0 0 0 0>
 #() my_();
:my_
==============
  < my_ 1 0 0 0 0 0 0>
 #() my_();
:my_
==============
  < my_ 1 0 0 0 0 0 0>
 #() my_();
:my_
==============
  < my_ 1 0 0 0 0 0 0>
 #() my_();
:my_
==============
  < my_ 1 0 0 0 0 0 0>
 #() my_();
:my_
==============
  < my_ 1 0 0 0 0 0 0>
 #() my_();
:my_
==============
  < my_ 1 0 0 0 0 0 0>
 #() my_();
:my_
==============
  < my_ 1 0 0 0 0 0 0>
 #() my_();
:my_
==============
  < my_ 1 0 0 0 0 0 0>
 #() my_();
:my_
==============
  < my_ 1 0 0 0 0 0 0>
 #() my_();
:my_
==============
  < my_ 1 0 0 0 0 0 0>
 #() my_();
:my_
==============
  < my_ 1 0 0 0 0 0 0>
 #() my_();
:my_
==============
  < my_ 1 0 0 0 0 0 0>
 #() my_();
:my_
==============
  < my_ 1 0 0 0 0 0 0>
 #() my_();
:my_
==============
  < my_ 1 0 0 0 0 0 0>
 #() my_();
:my_
==============
  < my_ 1 0 0 0 0 0 0>
 #() my_();
:my_
==============
  < my_ 1 0 0 0 0 0 0>
 #() my_();
:my_
==============
  < my_ 1 0 0 0 0 0 0>
 #() my_();
:my_
==============
  < my_ 1 0 0 0 0 0 0>
 #() my_();
:my_
==============
  < my_ 1 0 0 0 0 0 0>
 #() my_();
:my_
==============
  < my_ 1 0 0 0 0 0 0>
 #() my_();
:my_
==============
  < my_ 1 0 0 0 0 0 0>
 #() my_();
:my_
==============
  < my_ 1 0 0 0 0 0 0>
 #() my_();
:my_
==============
  < my_ 1 0 0 0 0 0 0>
 #() my_();
:my_
==============
  < my_ 1 0 0 0 0 0 0>
 #() my_();
:my_
==============
  < my_ 1 0 0 0 0 0 0>
 #() my_();
:my_
==============
  < my_ 1 0 0 0 0 0 0>
 #() my_();
:my_
==============
  < my_ 1 0 0 0 0 0 0>
 #() my_();
:my_
==============
  < my_ 1 0 0 0 0 0 0>
 #() my_();
:my_
==============
  < my_ 1 0 0 0 0 0 0>
 #() my_();
:my_
==============
  < my_ 1 0 0 0 0 0 0>
 #() my_();
:my_
==============
  < my_ 1 0 0 0 0 0 0>
 #() my_();
:my_
==============
  < my_ 1 0 0 0 0 0 0>
 #() my_();
:my_
==============
  < my_ 1 0 0 0 0 0 0>
 #() my_();
:my_
==============
  < my_ 1 0 0 0 0 0 0>
 #() my_();
:my_
==============
  < my_ 1 0 0 0 0 0 0>
 #() my_();
:my_
==============
  < my_ 1 0 0 0 0 0 0>
 #() my_();
:my_
==============
  < my_ 1 0 0 0 0 0 0>
 #() my_();
:my_
==============
  < my_ 1 0 0 0 0 0 0>
 #() my_();
:my_
==============
  < my_ 1 0 0 0 0 0 0>
 #() my_();
:my_
==============
  < my_ 1 0 0 0 0 0 0>
 #() my_();
:my_
==============
  < my_ 1 0 0 0 0 0 0>
 #() my_();
:my_
==============
  < my_ 1 0 0 0 0 0 0>
 #() my_();
:my_
==============
  < my_ 1 0 0 0 0 0 0>
 #() my_();
:my_
==============
  < my_ 1 0 0 0 0 0 0>
 #() my_();
:my_
==============
  < my_ 1 0 0 0 0 0 0>
 #() my_();
:my_
==============
  < my_ 1 0 0 0 0 0 0>
 #() my_();
:my_
==============
  < my_ 1 0 0 0 0 0 0>
 #() my_();
:my_
==============
  < my_ 1 0 0 0 0 0 0>
 #() my_();
:my_
==============
  < my_ 1 0 0 0 0 0 0>
 #() my_();
:my_
==============
  < my_ 1 0 0 0 0 0 0>
 #() my_();
:my_
==============
  < my_ 1 0 0 0 0 0 0>
 #() my_();
:my_
==============
  < my_ 1 0 0 0 0 0 0>
 #() my_();
:my_
==============
  < my_ 1 0 0 0 0 0 0>
 #() my_();
:my_
==============
  < my_ 1 0 0 0 0 0 0>
 #() my_();
:my_
==============
  < my_ 1 0 0 0 0 0 0>
 #() my_();
:my_
==============
  < my_ 1 0 0 0 0 0 0>
 #() my_();
:my_
==============
  < my_ 1 0 0 0 0 0 0>
 #() my_();
:my_
==============
  < my_ 1 0 0 0 0 0 0>
 #() my_();
:my_
==============
  < my_ 1 0 0 0 0 0 0>
 #() my_();
:my_
==============
  < my_ 1 0 0 0 0 0 0>
 #() my_();
:my_
==============
  < my_ 1 0 0 0 0 0 0>
 #() my_();
:my_
==============
  < my_ 1 0 0 0 0 0 0>
 #() my_();
:my_
==============
  < my_ 1 0 0 0 0 0 0>
 #() my_();
:my_
==============
  < my_ 1 0 0 0 0 0 0>
 #() my_();
:my_
==============
  < my_ 1 0 0 0 0 0 0>
 #() my_();
:my_
==============
  < my_ 1 0 0 0 0 0 0>
 #() my_();
:my_
==============
  < my_ 1 0 0 0 0 0 0>
 #() my_();
:my_
==============
  < my_ 1 0 0 0 0 0 0>
 #() my_();
:my_
==============
  < my_ 1 0 0 0 0 0 0>
 #() my_();
:my_
==============
  < my_ 1 0 0 0 0 0 0>
 #() my_();
:my_
==============
  < my_ 1 0 0 0 0 0 0>
 #() my_();
:my_
==============
  < my_ 1 0 0 0 0 0 0>
 #() my_();
:my_
==============
  < my_ 1 0 0 0 0 0 0>
 #() my_();
:my_
==============
  < my_ 1 0 0 0 0 0 0>
 #() my_();
:my_
==============
  < my_ 1 0 0 0 0 0 0>
 #() my_();
:my_
==============
  < my_ 1 0 0 0 0 0 0>
 #() my_();
:my_
==============
  < my_ 1 0 0 0 0 0 0>
 #() my_();
:my_
==============
  < my_ 1 0 0 0 0 0 0>
 #() my_();
:my_
==============
  < my_ 1 0 0 0 0 0 0>
 #() my_();
:my_
==============
  < my_ 1 0 0 0 0 0 0>
 #() my_();
:my_
==============
  < my_ 1 0 0 0 0 0 0>
 #() my_();
:my_
==============
  < my_ 1 0 0 0 0 0 0>
 #() my_();
:my_
==============
  < my_ 1 0 0 0 0 0 0>
 #() my_();
:my_
==============
  < my_ 1 0 0 0 0 0 0>
 #() my_();
:my_
==============
  < my_ 1 0 0 0 0 0 0>
 #() my_();
:my_
==============
  < my_ 1 0 0 0 0 0 0>
 #() my_();
:my_
==============
  < my_ 1 0 0 0 0 0 0>
 #() my_();
:my_
==============
  < my_ 1 0 0 0 0 0 0>
 #() my_();
:my_
==============
  < my_ 1 0 0 0 0 0 0>
 #() my_();
:my_
==============
  < my_ 1 0 0 0 0 0 0>
 #() my_();
:my_
==============
  < my_ 1 0 0 0 0 0 0>
 #() my_();
:my_
==============
  < my_ 1 0 0 0 0 0 0>
 #() my_();
:my_
==============
  < my_ 1 0 0 0 0 0 0>
 #() my_();
:my_
==============
  < my_ 1 0 0 0 0 0 0>
 #() my_();
:my_
==============
  < my_ 1 0 0 0 0 0 0>
 #() my_();
:my_
==============
  < my_ 1 0 0 0 0 0 0>
 #() my_();
:my_
==============
  < my_ 1 0 0 0 0 0 0>
 #() my_();
:my_
==============
  < my_ 1 0 0 0 0 0 0>
 #() my_();
:my_
==============
  < my_ 1 0 0 0 0 0 0>
 #() my_();
:my_
==============
  < my_ 1 0 0 0 0 0 0>
 #() my_();
:my_
==============
  < my_ 1 0 0 0 0 0 0>
 #() my_();
:my_
==============
  < my_ 1 0 0 0 0 0 0>
 #() my_();
:my_
==============
  < my_ 1 0 0 0 0 0 0>
 #() my_();
:my_
==============
  < my_ 1 0 0 0 0 0 0>
 #() my_();
:my_
==============
  < my_ 1 0 0 0 0 0 0>
 #() my_();
:my_
==============
  < my_ 1 0 0 0 0 0 0>
 #() my_();
:my_
==============
  < my_ 1 0 0 0 0 0 0>
 #() my_();
:my_
==============
  < my_ 1 0 0 0 0 0 0>
 #() my_();
:my_
==============
  < my_ 1 0 0 0 0 0 0>
 #() my_();
:my_
==============
  < my_ 1 0 0 0 0 0 0>
 #() my_();
:my_
==============
  < my_ 1 0 0 0 0 0 0>
 #() my_();
:my_
==============
  < my_ 1 0 0 0 0 0 0>
 #() my_();
:my_
==============
  < my_ 1 0 0 0 0 0 0>
 #() my_();
:my_
==============
  < my_ 1 0 0 0 0 0 0>
 #() my_();
:my_
==============
  < my_ 1 0 0 0 0 0 0>
 #() my_();
:my_
==============
  < my_ 1 0 0 0 0 0 0>
 #() my_();
:my_
==============
  < my_ 1 0 0 0 0 0 0>
 #() my_();
:my_
==============
  < my_ 1 0 0 0 0 0 0>
 #() my_();
:my_
==============
  < my_ 1 0 0 0 0 0 0>
 #() my_();
:my_
==============
  < my_ 1 0 0 0 0 0 0>
 #() my_();
:my_
==============
  < my_ 1 0 0 0 0 0 0>
 #() my_();
:my_
==============
  < my_ 1 0 0 0 0 0 0>
 #() my_();
:my_
==============
  < my_ 1 0 0 0 0 0 0>
 #() my_();
:my_
==============
  < my_ 1 0 0 0 0 0 0>
 #() my_();
:my_
==============
  < my_ 1 0 0 0 0 0 0>
 #() my_();
:my_
==============
  < my_ 1 0 0 0 0 0 0>
 #() my_();
:my_
==============
  < my_ 1 0 0 0 0 0 0>
 #() my_();
:my_
==============
  < my_ 1 0 0 0 0 0 0>
 #() my_();
:my_
==============
  < my_ 1 0 0 0 0 0 0>
 #() my_();
:my_
==============
  < my_ 1 0 0 0 0 0 0>
 #() my_();
:my_
==============
  < my_ 1 0 0 0 0 0 0>
 #() my_();
:my_
==============
  < my_ 1 0 0 0 0 0 0>
 #() my_();
:my_
==============
  < my_ 1 0 0 0 0 0 0>
 #() my_();
:my_
==============
  < my_ 1 0 0 0 0 0 0>
 #() my_();
:my_
==============
  < my_ 1 0 0 0 0 0 0>
 #() my_();
:my_
==============
  < my_ 1 0 0 0 0 0 0>
 #() my_();
:my_
==============
  < my_ 1 0 0 0 0 0 0>
 #() my_();
:my_
==============
  < my_ 1 0 0 0 0 0 0>
 #() my_();
:my_
==============
  < my_ 1 0 0 0 0 0 0>
 #() my_();
:my_
==============
  < my_ 1 0 0 0 0 0 0>
 #() my_();
:my_
==============
  < my_ 1 0 0 0 0 0 0>
 #() my_();
:my_
==============
  < my_ 1 0 0 0 0 0 0>
 #() my_();
:my_
==============
  < my_ 1 0 0 0 0 0 0>
 #() my_();
:my_
==============
  < my_ 1 0 0 0 0 0 0>
 #() my_();
:my_
==============
  < my_ 1 0 0 0 0 0 0>
 #() my_();
:my_
==============
  < my_ 1 0 0 0 0 0 0>
 #() my_();
:my_
==============
  < my_ 1 0 0 0 0 0 0>
 #() my_();
:my_
==============
  < my_ 1 0 0 0 0 0 0>
 #() my_();
:my_
==============
  < my_ 1 0 0 0 0 0 0>
 #() my_();
:my_
==============
  < my_ 1 0 0 0 0 0 0>
 #() my_();
:my_
==============
  < my_ 1 0 0 0 0 0 0>
 #() my_();
:my_
==============
  < my_ 1 0 0 0 0 0 0>
 #() my_();
:my_
==============
  < my_ 1 0 0 0 0 0 0>
 #() my_();
:my_
==============
  < my_ 1 0 0 0 0 0 0>
 #() my_();
:my_
==============
  < my_ 1 0 0 0 0 0 0>
 #() my_();
:my_
==============
  < my_ 1 0 0 0 0 0 0>
 #() my_();
:my_
==============
  < my_ 1 0 0 0 0 0 0>
 #() my_();
:my_
==============
  < my_ 1 0 0 0 0 0 0>
 #() my_();
:my_
==============
  < my_ 1 0 0 0 0 0 0>
 #() my_();
:my_
==============
  < my_ 1 0 0 0 0 0 0>
 #() my_();
:my_
==============
  < my_ 1 0 0 0 0 0 0>
 #() my_();
:my_
==============
  < my_ 1 0 0 0 0 0 0>
 #() my_();
:my_
==============
  < my_ 1 0 0 0 0 0 0>
 #() my_();
:my_
==============
  < my_ 1 0 0 0 0 0 0>
 #() my_();
:my_
==============
  < my_ 1 0 0 0 0 0 0>
 #() my_();
:my_
==============
  < my_ 1 0 0 0 0 0 0>
 #() my_();
:my_
==============
  < my_ 1 0 0 0 0 0 0>
 #() my_();
:my_
==============
  < my_ 1 0 0 0 0 0 0>
 #() my_();
:my_
==============
  < my_ 1 0 0 0 0 0 0>
 #() my_();
:my_
==============
  < my_ 1 0 0 0 0 0 0>
 #() my_();
:my_
==============
  < my_ 1 0 0 0 0 0 0>
 #() my_();
:my_
==============
  < my_ 1 0 0 0 0 0 0>
 #() my_();
:my_
==============
  < my_ 1 0 0 0 0 0 0>
 #() my_();
:my_
==============
  < my_ 1 0 0 0 0 0 0>
 #() my_();
:my_
==============
  < my_ 1 0 0 0 0 0 0>
 #() my_();
:my_
==============
  < my_ 1 0 0 0 0 0 0>
 #() my_();
:my_
==============
  < my_ 1 0 0 0 0 0 0>
 #() my_();
:my_
==============
  < my_ 1 0 0 0 0 0 0>
 #() my_();
:my_
==============
  < my_ 1 0 0 0 0 0 0>
 #() my_();
:my_
==============
  < my_ 1 0 0 0 0 0 0>
 #() my_();
:my_
==============
  < my_ 1 0 0 0 0 0 0>
 #() my_();
:my_
==============
  < my_ 1 0 0 0 0 0 0>
 #() my_();
:my_
==============
  < my_ 1 0 0 0 0 0 0>
 #() my_();
:my_
==============
  < my_ 1 0 0 0 0 0 0>
 #() my_();
:my_
==============
  < my_ 1 0 0 0 0 0 0>
 #() my_();
:my_
==============
  < my_ 1 0 0 0 0 0 0>
 #() my_();
:my_
==============
  < my_ 1 0 0 0 0 0 0>
 #() my_();
:my_
==============
  < my_ 1 0 0 0 0 0 0>
 #() my_();
:my_
==============
  < my_ 1 0 0 0 0 0 0>
 #() my_();
:my_
==============
  < my_ 1 0 0 0 0 0 0>
 #() my_();
:my_
==============
  < my_ 1 0 0 0 0 0 0>
 #() my_();
:my_
==============
  < my_ 1 0 0 0 0 0 0>
 #() my_();
:my_
==============
  < my_ 1 0 0 0 0 0 0>
 #() my_();
:my_
==============
  < my_ 1 0 0 0 0 0 0>
 #() my_();
:my_
==============
  < my_ 1 0 0 0 0 0 0>
 #() my_();
:my_
==============
  < my_ 1 0 0 0 0 0 0>
 #() my_();
:my_
==============
  < my_ 1 0 0 0 0 0 0>
 #() my_();
:my_
==============
  < my_ 1 0 0 0 0 0 0>
 #() my_();
:my_
==============
  < my_ 1 0 0 0 0 0 0>
 #() my_();
:my_
==============
  < my_ 1 0 0 0 0 0 0>
 #() my_();
:my_
==============
  < my_ 1 0 0 0 0 0 0>
 #() my_();
:my_
==============
  < my_ 1 0 0 0 0 0 0>
 #() my_();
:my_
==============
  < my_ 1 0 0 0 0 0 0>
 #() my_();
:my_
==============
  < my_ 1 0 0 0 0 0 0>
 #() my_();
:my_
==============
  < my_ 1 0 0 0 0 0 0>
 #() my_();
:my_
==============
  < my_ 1 0 0 0 0 0 0>
 #() my_();
:my_
==============
  < my_ 1 0 0 0 0 0 0>
 #() my_();
:my_
==============
  < my_ 1 0 0 0 0 0 0>
 #() my_();
:my_
==============
  < my_ 1 0 0 0 0 0 0>
 #() my_();
:my_
==============
  < my_ 1 0 0 0 0 0 0>
 #() my_();
:my_
==============
  < my_ 1 0 0 0 0 0 0>
 #() my_();
:my_
==============
  < my_ 1 0 0 0 0 0 0>
 #() my_();
:my_
==============
  < my_ 1 0 0 0 0 0 0>
 #() my_();
:my_
==============
  < my_ 1 0 0 0 0 0 0>
 #() my_();
:my_
==============
  < my_ 1 0 0 0 0 0 0>
 #() my_();
:my_
==============
  < my_ 1 0 0 0 0 0 0>
 #() my_();
:my_
==============
  < my_ 1 0 0 0 0 0 0>
 #() my_();
:my_
==============
  < my_ 1 0 0 0 0 0 0>
 #() my_();
:my_
==============
  < my_ 1 0 0 0 0 0 0>
 #() my_();
:my_
==============
  < my_ 1 0 0 0 0 0 0>
 #() my_();
:my_
==============
  < my_ 1 0 0 0 0 0 0>
 #() my_();
:my_
==============
  < my_ 1 0 0 0 0 0 0>
 #() my_();
:my_
==============
  < my_ 1 0 0 0 0 0 0>
 #() my_();
:my_
==============
  < my_ 1 0 0 0 0 0 0>
 #() my_();
:my_
==============
  < my_ 1 0 0 0 0 0 0>
 #() my_();
:my_
==============
  < my_ 1 0 0 0 0 0 0>
 #() my_();
:my_
==============
  < my_ 1 0 0 0 0 0 0>
 #() my_();
:my_
==============
  < my_ 1 0 0 0 0 0 0>
 #() my_();
:my_
==============
  < my_ 1 0 0 0 0 0 0>
 #() my_();
:my_
==============
  < my_ 1 0 0 0 0 0 0>
 #() my_();
:my_
==============
  < my_ 1 0 0 0 0 0 0>
 #() my_();
:my_
==============
  < my_ 1 0 0 0 0 0 0>
 #() my_();
:my_
==============
  < my_ 1 0 0 0 0 0 0>
 #() my_();
:my_
==============
  < my_ 1 0 0 0 0 0 0>
 #() my_();
:my_
==============
  < my_ 1 0 0 0 0 0 0>
 #() my_();
:my_
==============
  < my_ 1 0 0 0 0 0 0>
 #() my_();
:my_
==============
  < my_ 1 0 0 0 0 0 0>
 #() my_();
:my_
==============
  < my_ 1 0 0 0 0 0 0>
 #() my_();
:my_
==============
  < my_ 1 0 0 0 0 0 0>
 #() my_();
:my_
==============
  < my_ 1 0 0 0 0 0 0>
 #() my_();
:my_
==============
  < my_ 1 0 0 0 0 0 0>
 #() my_();
:my_
==============
  < my_ 1 0 0 0 0 0 0>
 #() my_();
:my_
==============
  < my_ 1 0 0 0 0 0 0>
 #() my_();
:my_
==============
  < my_ 1 0 0 0 0 0 0>
 #() my_();
:my_
==============
  < my_ 1 0 0 0 0 0 0>
 #() my_();
:my_
==============
  < my_ 1 0 0 0 0 0 0>
 #() my_();
:my_
==============
  < my_ 1 0 0 0 0 0 0>
 #() my_();
:my_
==============
  < my_ 1 0 0 0 0 0 0>
 #() my_();
:my_
==============
  < my_ 1 0 0 0 0 0 0>
 #() my_();
:my_
==============
  < my_ 1 0 0 0 0 0 0>
 #() my_();
:my_
==============
  < my_ 1 0 0 0 0 0 0>
 #() my_();
:my_
==============
  < my_ 1 0 0 0 0 0 0>
 #() my_();
:my_
==============
  < my_ 1 0 0 0 0 0 0>
 #() my_();
:my_
==============
  < my_ 1 0 0 0 0 0 0>
 #() my_();
:my_
==============
  < my_ 1 0 0 0 0 0 0>
 #() my_();
:my_
==============
  < my_ 1 0 0 0 0 0 0>
 #() my_();
:my_
==============
  < my_ 1 0 0 0 0 0 0>
 #() my_();
:my_
==============
  < my_ 1 0 0 0 0 0 0>
 #() my_();
:my_
==============
  < my_ 1 0 0 0 0 0 0>
 #() my_();
:my_
==============
  < my_ 1 0 0 0 0 0 0>
 #() my_();
:my_
==============
  < my_ 1 0 0 0 0 0 0>
 #() my_();
:my_
==============
  < my_ 1 0 0 0 0 0 0>
 #() my_();
:my_
==============
  < my_ 1 0 0 0 0 0 0>
 #() my_();
:my_
==============
  < my_ 1 0 0 0 0 0 0>
 #() my_();
:my_
==============
  < my_ 1 0 0 0 0 0 0>
 #() my_();
:my_
==============
  < my_ 1 0 0 0 0 0 0>
 #() my_();
:my_
==============
  < my_ 1 0 0 0 0 0 0>
 #() my_();
:my_
==============
  < my_ 1 0 0 0 0 0 0>
 #() my_();
:my_
==============
  < my_ 1 0 0 0 0 0 0>
 #() my_();
:my_
==============
  < my_ 1 0 0 0 0 0 0>
 #() my_();
:my_
==============
  < my_ 1 0 0 0 0 0 0>
 #() my_();
:my_
==============
  < my_ 1 0 0 0 0 0 0>
 #() my_();
:my_
==============
  < my_ 1 0 0 0 0 0 0>
 #() my_();
:my_
==============
  < my_ 1 0 0 0 0 0 0>
 #() my_();
:my_
==============
  < my_ 1 0 0 0 0 0 0>
 #() my_();
:my_
==============
  < my_ 1 0 0 0 0 0 0>
 #() my_();
:my_
==============
  < my_ 1 0 0 0 0 0 0>
 #() my_();
:my_
==============
  < my_ 1 0 0 0 0 0 0>
 #() my_();
:my_
==============
  < my_ 1 0 0 0 0 0 0>
 #() my_();
:my_
==============
  < my_ 1 0 0 0 0 0 0>
 #() my_();
:my_
==============
  < my_ 1 0 0 0 0 0 0>
 #() my_();
:my_
==============
  < my_ 1 0 0 0 0 0 0>
 #() my_();
:my_
==============
  < my_ 1 0 0 0 0 0 0>
 #() my_();
:my_
==============
  < my_ 1 0 0 0 0 0 0>
 #() my_();
:my_
==============
  < my_ 1 0 0 0 0 0 0>
 #() my_();
:my_
==============
  < my_ 1 0 0 0 0 0 0>
 #() my_();
:my_
==============
  < my_ 1 0 0 0 0 0 0>
 #() my_();
:my_
==============
  < my_ 1 0 0 0 0 0 0>
 #() my_();
:my_
=====T_2DA1774R_=========
  < my_ 1 0 0 0 0 0 0>
 #() my_();
:my_
=====T_2DC4617R_=========
  < my_ 1 0 0 0 0 0 0>
 #() my_();
:my_
=====Q2N2219A_=========
  < my_ 1 0 0 0 0 0 0>
 #() my_();
:my_
=====T_2N2222_=========
  < my_ 1 0 0 0 0 0 0>
 #() my_();
:my_
=====Q2N2222A_=========
  < my_ 1 0 0 0 0 0 0>
 #() my_();
:my_
=====Q2N2369A_=========
  < my_ 1 0 0 0 0 0 0>
 #() my_();
:my_
=====Q2N2484_=========
  < my_ 1 0 0 0 0 0 0>
 #() my_();
:my_
=====Q2N2905A_=========
  < my_ 1 0 0 0 0 0 0>
 #() my_();
:my_
=====T_2N2907_=========
  < my_ 1 0 0 0 0 0 0>
 #() my_();
:my_
=====Q2N2907A_=========
  < my_ 1 0 0 0 0 0 0>
 #() my_();
:my_
=====Q2N2955_=========
  < my_ 1 0 0 0 0 0 0>
 #() my_();
:my_
=====Q2N3019_=========
  < my_ 1 0 0 0 0 0 0>
 #() my_();
:my_
=====Q2N3053_=========
  < my_ 1 0 0 0 0 0 0>
 #() my_();
:my_
=====Q2N3055_=========
  < my_ 1 0 0 0 0 0 0>
 #() my_();
:my_
=====Q2N3390_=========
  < my_ 1 0 0 0 0 0 0>
 #() my_();
:my_
=====Q2N3391A_=========
  < my_ 1 0 0 0 0 0 0>
 #() my_();
:my_
=====Q2N3392_=========
  < my_ 1 0 0 0 0 0 0>
 #() my_();
:my_
=====Q2N3393_=========
  < my_ 1 0 0 0 0 0 0>
 #() my_();
:my_
=====Q2N3415_=========
  < my_ 1 0 0 0 0 0 0>
 #() my_();
:my_
=====Q2N3416_=========
  < my_ 1 0 0 0 0 0 0>
 #() my_();
:my_
=====Q2N3417_=========
  < my_ 1 0 0 0 0 0 0>
 #() my_();
:my_
=====Q2N3501_=========
  < my_ 1 0 0 0 0 0 0>
 #() my_();
:my_
=====Q2N3507_=========
  < my_ 1 0 0 0 0 0 0>
 #() my_();
:my_
=====Q2N3700_=========
  < my_ 1 0 0 0 0 0 0>
 #() my_();
:my_
=====Q2N3702_=========
  < my_ 1 0 0 0 0 0 0>
 #() my_();
:my_
=====Q2N3703_=========
  < my_ 1 0 0 0 0 0 0>
 #() my_();
:my_
=====Q2N3859A_=========
  < my_ 1 0 0 0 0 0 0>
 #() my_();
:my_
=====Q2N3903_=========
  < my_ 1 0 0 0 0 0 0>
 #() my_();
:my_
=====Q2N3904_=========
  < my_ 1 0 0 0 0 0 0>
 #() my_();
:my_
=====Q2N3905_=========
  < my_ 1 0 0 0 0 0 0>
 #() my_();
:my_
=====Q2N3906_=========
  < my_ 1 0 0 0 0 0 0>
 #() my_();
:my_
=====Q2N3947_=========
  < my_ 1 0 0 0 0 0 0>
 #() my_();
:my_
=====Q2N4123_=========
  < my_ 1 0 0 0 0 0 0>
 #() my_();
:my_
=====Q2N4124_=========
  < my_ 1 0 0 0 0 0 0>
 #() my_();
:my_
=====Q2N4125_=========
  < my_ 1 0 0 0 0 0 0>
 #() my_();
:my_
=====Q2N4126_=========
  < my_ 1 0 0 0 0 0 0>
 #() my_();
:my_
=====Q2N4400_=========
  < my_ 1 0 0 0 0 0 0>
 #() my_();
:my_
=====Q2N4401_=========
  < my_ 1 0 0 0 0 0 0>
 #() my_();
:my_
=====Q2N4402_=========
  < my_ 1 0 0 0 0 0 0>
 #() my_();
:my_
=====Q2N4403_=========
  < my_ 1 0 0 0 0 0 0>
 #() my_();
:my_
=====Q2N4410_=========
  < my_ 1 0 0 0 0 0 0>
 #() my_();
:my_
=====Q2N5086_=========
  < my_ 1 0 0 0 0 0 0>
 #() my_();
:my_
=====Q2N5087_=========
  < my_ 1 0 0 0 0 0 0>
 #() my_();
:my_
=====Q2N5088_=========
  < my_ 1 0 0 0 0 0 0>
 #() my_();
:my_
=====Q2N5089_=========
  < my_ 1 0 0 0 0 0 0>
 #() my_();
:my_
=====Q2N5172_=========
  < my_ 1 0 0 0 0 0 0>
 #() my_();
:my_
=====Q2N5210_=========
  < my_ 1 0 0 0 0 0 0>
 #() my_();
:my_
=====Q2N5366_=========
  < my_ 1 0 0 0 0 0 0>
 #() my_();
:my_
=====Q2N5400_=========
  < my_ 1 0 0 0 0 0 0>
 #() my_();
:my_
=====Q2N5401_=========
  < my_ 1 0 0 0 0 0 0>
 #() my_();
:my_
=====Q2N5550_=========
  < my_ 1 0 0 0 0 0 0>
 #() my_();
:my_
=====Q2N5551_=========
  < my_ 1 0 0 0 0 0 0>
 #() my_();
:my_
=====Q2N5551_=========
  < my_ 1 0 0 0 0 0 0>
 #() my_();
:my_
=====Q2N5769_=========
  < my_ 1 0 0 0 0 0 0>
 #() my_();
:my_
=====Q2N5771_=========
  < my_ 1 0 0 0 0 0 0>
 #() my_();
:my_
=====Q2N5772_=========
  < my_ 1 0 0 0 0 0 0>
 #() my_();
:my_
=====Q2N5830_=========
  < my_ 1 0 0 0 0 0 0>
 #() my_();
:my_
=====Q2N6431_=========
  < my_ 1 0 0 0 0 0 0>
 #() my_();
:my_
=====Q2N6517_=========
  < my_ 1 0 0 0 0 0 0>
 #() my_();
:my_
=====Q2N6715_=========
  < my_ 1 0 0 0 0 0 0>
 #() my_();
:my_
=====Q2SA1213_=========
  < my_ 1 0 0 0 0 0 0>
 #() my_();
:my_
=====Q2SC2873_=========
  < my_ 1 0 0 0 0 0 0>
 #() my_();
:my_
=====BC107A_=========
  < my_ 1 0 0 0 0 0 0>
 #() my_();
:my_
=====BC107BP_=========
  < my_ 1 0 0 0 0 0 0>
 #() my_();
:my_
=====BC108BP_=========
  < my_ 1 0 0 0 0 0 0>
 #() my_();
:my_
=====BC109BP_=========
  < my_ 1 0 0 0 0 0 0>
 #() my_();
:my_
=====BC109C_=========
  < my_ 1 0 0 0 0 0 0>
 #() my_();
:my_
=====BC177AP_=========
  < my_ 1 0 0 0 0 0 0>
 #() my_();
:my_
=====BC178AP_=========
  < my_ 1 0 0 0 0 0 0>
 #() my_();
:my_
=====QBC182BP_=========
  < my_ 1 0 0 0 0 0 0>
 #() my_();
:my_
=====QBC183BP_=========
  < my_ 1 0 0 0 0 0 0>
 #() my_();
:my_
=====QBC184BP_=========
  < my_ 1 0 0 0 0 0 0>
 #() my_();
:my_
=====BC237BP_=========
  < my_ 1 0 0 0 0 0 0>
 #() my_();
:my_
=====BC238BP_=========
  < my_ 1 0 0 0 0 0 0>
 #() my_();
:my_
=====BC239BP_=========
  < my_ 1 0 0 0 0 0 0>
 #() my_();
:my_
=====BC307AP_=========
  < my_ 1 0 0 0 0 0 0>
 #() my_();
:my_
=====BC308AP_=========
  < my_ 1 0 0 0 0 0 0>
 #() my_();
:my_
=====BC337AP_=========
  < my_ 1 0 0 0 0 0 0>
 #() my_();
:my_
=====BC338AP_=========
  < my_ 1 0 0 0 0 0 0>
 #() my_();
:my_
=====BC413BP_=========
  < my_ 1 0 0 0 0 0 0>
 #() my_();
:my_
=====BC414BP_=========
  < my_ 1 0 0 0 0 0 0>
 #() my_();
:my_
=====BC415AP_=========
  < my_ 1 0 0 0 0 0 0>
 #() my_();
:my_
=====BC416AP_=========
  < my_ 1 0 0 0 0 0 0>
 #() my_();
:my_
=====BC546BP_=========
  < my_ 1 0 0 0 0 0 0>
 #() my_();
:my_
=====BC547BP_=========
  < my_ 1 0 0 0 0 0 0>
 #() my_();
:my_
=====BC548BP_=========
  < my_ 1 0 0 0 0 0 0>
 #() my_();
:my_
=====BC548C_=========
  < my_ 1 0 0 0 0 0 0>
 #() my_();
:my_
=====BC549_=========
  < my_ 1 0 0 0 0 0 0>
 #() my_();
:my_
=====BC549BP_=========
  < my_ 1 0 0 0 0 0 0>
 #() my_();
:my_
=====BC550BP_=========
  < my_ 1 0 0 0 0 0 0>
 #() my_();
:my_
=====BC556AP_=========
  < my_ 1 0 0 0 0 0 0>
 #() my_();
:my_
=====BC557AP_=========
  < my_ 1 0 0 0 0 0 0>
 #() my_();
:my_
=====BC557B_=========
  < my_ 1 0 0 0 0 0 0>
 #() my_();
:my_
=====BC558AP_=========
  < my_ 1 0 0 0 0 0 0>
 #() my_();
:my_
=====BC559AP_=========
  < my_ 1 0 0 0 0 0 0>
 #() my_();
:my_
=====BC560AP_=========
  < my_ 1 0 0 0 0 0 0>
 #() my_();
:my_
=====BC639_=========
  < my_ 1 0 0 0 0 0 0>
 #() my_();
:my_
=====BC640_=========
  < my_ 1 0 0 0 0 0 0>
 #() my_();
:my_
=====T_BC807_16_=========
  < my_ 1 0 0 0 0 0 0>
 #() my_();
:my_
=====T_BC807_25_=========
  < my_ 1 0 0 0 0 0 0>
 #() my_();
:my_
=====T_BC807_40_=========
  < my_ 1 0 0 0 0 0 0>
 #() my_();
:my_
=====T_BC817_16_=========
  < my_ 1 0 0 0 0 0 0>
 #() my_();
:my_
=====T_BC817_25_=========
  < my_ 1 0 0 0 0 0 0>
 #() my_();
:my_
=====T_BC817_40_=========
  < my_ 1 0 0 0 0 0 0>
 #() my_();
:my_
=====T_BC846A_=========
  < my_ 1 0 0 0 0 0 0>
 #() my_();
:my_
=====T_BC846AW_=========
  < my_ 1 0 0 0 0 0 0>
 #() my_();
:my_
=====T_BC846B_=========
  < my_ 1 0 0 0 0 0 0>
 #() my_();
:my_
=====BC846B_=========
  < my_ 1 0 0 0 0 0 0>
 #() my_();
:my_
=====T_BC846BW_=========
  < my_ 1 0 0 0 0 0 0>
 #() my_();
:my_
=====T_BC846C_=========
  < my_ 1 0 0 0 0 0 0>
 #() my_();
:my_
=====T_BC846CW_=========
  < my_ 1 0 0 0 0 0 0>
 #() my_();
:my_
=====T_BC847A_=========
  < my_ 1 0 0 0 0 0 0>
 #() my_();
:my_
=====T_BC847AT_=========
  < my_ 1 0 0 0 0 0 0>
 #() my_();
:my_
=====T_BC847AW_=========
  < my_ 1 0 0 0 0 0 0>
 #() my_();
:my_
=====T_BC847B_=========
  < my_ 1 0 0 0 0 0 0>
 #() my_();
:my_
=====BC847B_=========
  < my_ 1 0 0 0 0 0 0>
 #() my_();
:my_
=====T_BC847BS_=========
  < my_ 1 0 0 0 0 0 0>
 #() my_();
:my_
=====T_BC847BT_=========
  < my_ 1 0 0 0 0 0 0>
 #() my_();
:my_
=====T_BC847BV_=========
  < my_ 1 0 0 0 0 0 0>
 #() my_();
:my_
=====T_BC847BW_=========
  < my_ 1 0 0 0 0 0 0>
 #() my_();
:my_
=====T_BC847C_=========
  < my_ 1 0 0 0 0 0 0>
 #() my_();
:my_
=====T_BC847CT_=========
  < my_ 1 0 0 0 0 0 0>
 #() my_();
:my_
=====T_BC847CW_=========
  < my_ 1 0 0 0 0 0 0>
 #() my_();
:my_
=====T_BC847PN_=========
  < my_ 1 0 0 0 0 0 0>
 #() my_();
:my_
=====T_BC848A_=========
  < my_ 1 0 0 0 0 0 0>
 #() my_();
:my_
=====T_BC848AW_=========
  < my_ 1 0 0 0 0 0 0>
 #() my_();
:my_
=====T_BC848B_=========
  < my_ 1 0 0 0 0 0 0>
 #() my_();
:my_
=====BC848B_=========
  < my_ 1 0 0 0 0 0 0>
 #() my_();
:my_
=====T_BC848BW_=========
  < my_ 1 0 0 0 0 0 0>
 #() my_();
:my_
=====T_BC848C_=========
  < my_ 1 0 0 0 0 0 0>
 #() my_();
:my_
=====T_BC848CW_=========
  < my_ 1 0 0 0 0 0 0>
 #() my_();
:my_
=====BC849B_=========
  < my_ 1 0 0 0 0 0 0>
 #() my_();
:my_
=====BC850B_=========
  < my_ 1 0 0 0 0 0 0>
 #() my_();
:my_
=====T_BC856A_=========
  < my_ 1 0 0 0 0 0 0>
 #() my_();
:my_
=====T_BC856AW_=========
  < my_ 1 0 0 0 0 0 0>
 #() my_();
:my_
=====T_BC856B_=========
  < my_ 1 0 0 0 0 0 0>
 #() my_();
:my_
=====T_BC856BW_=========
  < my_ 1 0 0 0 0 0 0>
 #() my_();
:my_
=====T_BC857A_=========
  < my_ 1 0 0 0 0 0 0>
 #() my_();
:my_
=====T_BC857AT_=========
  < my_ 1 0 0 0 0 0 0>
 #() my_();
:my_
=====T_BC857AW_=========
  < my_ 1 0 0 0 0 0 0>
 #() my_();
:my_
=====T_BC857B_=========
  < my_ 1 0 0 0 0 0 0>
 #() my_();
:my_
=====T_BC857BS_=========
  < my_ 1 0 0 0 0 0 0>
 #() my_();
:my_
=====T_BC857BT_=========
  < my_ 1 0 0 0 0 0 0>
 #() my_();
:my_
=====T_BC857BV_=========
  < my_ 1 0 0 0 0 0 0>
 #() my_();
:my_
=====T_BC857BW_=========
  < my_ 1 0 0 0 0 0 0>
 #() my_();
:my_
=====T_BC857C_=========
  < my_ 1 0 0 0 0 0 0>
 #() my_();
:my_
=====T_BC857CW_=========
  < my_ 1 0 0 0 0 0 0>
 #() my_();
:my_
=====T_BC857CT_=========
  < my_ 1 0 0 0 0 0 0>
 #() my_();
:my_
=====T_BC858A_=========
  < my_ 1 0 0 0 0 0 0>
 #() my_();
:my_
=====T_BC858AW_=========
  < my_ 1 0 0 0 0 0 0>
 #() my_();
:my_
=====T_BC858B_=========
  < my_ 1 0 0 0 0 0 0>
 #() my_();
:my_
=====T_BC858BW_=========
  < my_ 1 0 0 0 0 0 0>
 #() my_();
:my_
=====T_BC858C_=========
  < my_ 1 0 0 0 0 0 0>
 #() my_();
:my_
=====T_BC858CW_=========
  < my_ 1 0 0 0 0 0 0>
 #() my_();
:my_
=====BC856A_=========
  < my_ 1 0 0 0 0 0 0>
 #() my_();
:my_
=====BC857A_=========
  < my_ 1 0 0 0 0 0 0>
 #() my_();
:my_
=====BC858A_=========
  < my_ 1 0 0 0 0 0 0>
 #() my_();
:my_
=====BC859A_=========
  < my_ 1 0 0 0 0 0 0>
 #() my_();
:my_
=====BC860A_=========
  < my_ 1 0 0 0 0 0 0>
 #() my_();
:my_
=====BCV72_=========
  < my_ 1 0 0 0 0 0 0>
 #() my_();
:my_
=====BCW32_=========
  < my_ 1 0 0 0 0 0 0>
 #() my_();
:my_
=====BD135_137_139_=========
  < my_ 1 0 0 0 0 0 0>
 #() my_();
:my_
=====BD136_138_140_=========
  < my_ 1 0 0 0 0 0 0>
 #() my_();
:my_
=====BD139_=========
  < my_ 1 0 0 0 0 0 0>
 #() my_();
:my_
==============
  < my_ 1 0 0 0 0 0 0>
 #() my_();
:my_
==============
  < my_ 1 0 0 0 0 0 0>
 #() my_();
:my_
==============
  < my_ 1 0 0 0 0 0 0>
 #() my_();
:my_
==============
  < my_ 1 0 0 0 0 0 0>
 #() my_();
:my_
==============
  < my_ 1 0 0 0 0 0 0>
 #() my_();
:my_
==============
  < my_ 1 0 0 0 0 0 0>
 #() my_();
:my_
==============
  < my_ 1 0 0 0 0 0 0>
 #() my_();
:my_
==============
  < my_ 1 0 0 0 0 0 0>
 #() my_();
:my_
==============
  < my_ 1 0 0 0 0 0 0>
 #() my_();
:my_
==============
  < my_ 1 0 0 0 0 0 0>
 #() my_();
:my_
==============
  < my_ 1 0 0 0 0 0 0>
 #() my_();
:my_
==============
  < my_ 1 0 0 0 0 0 0>
 #() my_();
:my_
==============
  < my_ 1 0 0 0 0 0 0>
 #() my_();
:my_
==============
  < my_ 1 0 0 0 0 0 0>
 #() my_();
:my_
=====BF720_=========
  < my_ 1 0 0 0 0 0 0>
 #() my_();
:my_
=====BF721_=========
  < my_ 1 0 0 0 0 0 0>
 #() my_();
:my_
=====BFG425W_=========
  < my_ 1 0 0 0 0 0 0>
 #() my_();
:my_
=====BFP193W_=========
  < my_ 1 0 0 0 0 0 0>
 #() my_();
:my_
=====BFP405_=========
  < my_ 1 0 0 0 0 0 0>
 #() my_();
:my_
=====BFP420_=========
  < my_ 1 0 0 0 0 0 0>
 #() my_();
:my_
=====BFP540_=========
  < my_ 1 0 0 0 0 0 0>
 #() my_();
:my_
=====BFP620_=========
  < my_ 1 0 0 0 0 0 0>
 #() my_();
:my_
=====BFP640_=========
  < my_ 1 0 0 0 0 0 0>
 #() my_();
:my_
=====BFR92A_=========
  < my_ 1 0 0 0 0 0 0>
 #() my_();
:my_
=====BFS20_=========
  < my_ 1 0 0 0 0 0 0>
 #() my_();
:my_
=====BFT92_=========
  < my_ 1 0 0 0 0 0 0>
 #() my_();
:my_
=====BFT92A_=========
  < my_ 1 0 0 0 0 0 0>
 #() my_();
:my_
=====BFT93_=========
  < my_ 1 0 0 0 0 0 0>
 #() my_();
:my_
=====T_DMMT3904W_=========
  < my_ 1 0 0 0 0 0 0>
 #() my_();
:my_
=====T_DMMT3906_=========
  < my_ 1 0 0 0 0 0 0>
 #() my_();
:my_
=====T_DMMT3906W_=========
  < my_ 1 0 0 0 0 0 0>
 #() my_();
:my_
=====T_DMMT5551_=========
  < my_ 1 0 0 0 0 0 0>
 #() my_();
:my_
=====FZT458_=========
  < my_ 1 0 0 0 0 0 0>
 #() my_();
:my_
=====FZT489_=========
  < my_ 1 0 0 0 0 0 0>
 #() my_();
:my_
=====FZT491_=========
  < my_ 1 0 0 0 0 0 0>
 #() my_();
:my_
=====FZT491A_=========
  < my_ 1 0 0 0 0 0 0>
 #() my_();
:my_
=====FZT493_=========
  < my_ 1 0 0 0 0 0 0>
 #() my_();
:my_
=====FZT549_=========
  < my_ 1 0 0 0 0 0 0>
 #() my_();
:my_
=====FZT558_=========
  < my_ 1 0 0 0 0 0 0>
 #() my_();
:my_
=====FZT560_=========
  < my_ 1 0 0 0 0 0 0>
 #() my_();
:my_
=====FZT589_=========
  < my_ 1 0 0 0 0 0 0>
 #() my_();
:my_
=====FZT591_=========
  < my_ 1 0 0 0 0 0 0>
 #() my_();
:my_
=====FZT591A_=========
  < my_ 1 0 0 0 0 0 0>
 #() my_();
:my_
=====FZT649_=========
  < my_ 1 0 0 0 0 0 0>
 #() my_();
:my_
=====FZT651_=========
  < my_ 1 0 0 0 0 0 0>
 #() my_();
:my_
=====FZT653_=========
  < my_ 1 0 0 0 0 0 0>
 #() my_();
:my_
=====FZT655_=========
  < my_ 1 0 0 0 0 0 0>
 #() my_();
:my_
=====FZT657_=========
  < my_ 1 0 0 0 0 0 0>
 #() my_();
:my_
=====FZT658_=========
  < my_ 1 0 0 0 0 0 0>
 #() my_();
:my_
=====FZT688B_=========
  < my_ 1 0 0 0 0 0 0>
 #() my_();
:my_
=====FZT689B_=========
  < my_ 1 0 0 0 0 0 0>
 #() my_();
:my_
=====FZT690B_=========
  < my_ 1 0 0 0 0 0 0>
 #() my_();
:my_
=====FZT692B_=========
  < my_ 1 0 0 0 0 0 0>
 #() my_();
:my_
=====FZT694B_=========
  < my_ 1 0 0 0 0 0 0>
 #() my_();
:my_
=====FZT696B_=========
  < my_ 1 0 0 0 0 0 0>
 #() my_();
:my_
=====FZT717_=========
  < my_ 1 0 0 0 0 0 0>
 #() my_();
:my_
=====FZT749_=========
  < my_ 1 0 0 0 0 0 0>
 #() my_();
:my_
=====FZT751_=========
  < my_ 1 0 0 0 0 0 0>
 #() my_();
:my_
=====FZT753_=========
  < my_ 1 0 0 0 0 0 0>
 #() my_();
:my_
=====FZT755_=========
  < my_ 1 0 0 0 0 0 0>
 #() my_();
:my_
=====FZT757_=========
  < my_ 1 0 0 0 0 0 0>
 #() my_();
:my_
=====FZT758_=========
  < my_ 1 0 0 0 0 0 0>
 #() my_();
:my_
=====FZT788A_=========
  < my_ 1 0 0 0 0 0 0>
 #() my_();
:my_
=====FZT788B_=========
  < my_ 1 0 0 0 0 0 0>
 #() my_();
:my_
=====FZT789A_=========
  < my_ 1 0 0 0 0 0 0>
 #() my_();
:my_
=====FZT790A_=========
  < my_ 1 0 0 0 0 0 0>
 #() my_();
:my_
=====FZT795A_=========
  < my_ 1 0 0 0 0 0 0>
 #() my_();
:my_
=====FZT796A_=========
  < my_ 1 0 0 0 0 0 0>
 #() my_();
:my_
=====FZT849_=========
  < my_ 1 0 0 0 0 0 0>
 #() my_();
:my_
=====FZT851_=========
  < my_ 1 0 0 0 0 0 0>
 #() my_();
:my_
=====FZT853_=========
  < my_ 1 0 0 0 0 0 0>
 #() my_();
:my_
=====FZT855_=========
  < my_ 1 0 0 0 0 0 0>
 #() my_();
:my_
=====FZT857_=========
  < my_ 1 0 0 0 0 0 0>
 #() my_();
:my_
=====FZT869_=========
  < my_ 1 0 0 0 0 0 0>
 #() my_();
:my_
=====FZT948_=========
  < my_ 1 0 0 0 0 0 0>
 #() my_();
:my_
=====FZT949_=========
  < my_ 1 0 0 0 0 0 0>
 #() my_();
:my_
=====FZT951_=========
  < my_ 1 0 0 0 0 0 0>
 #() my_();
:my_
=====FZT953_=========
  < my_ 1 0 0 0 0 0 0>
 #() my_();
:my_
=====FZT955_=========
  < my_ 1 0 0 0 0 0 0>
 #() my_();
:my_
=====FZT956_=========
  < my_ 1 0 0 0 0 0 0>
 #() my_();
:my_
=====FZT957_=========
  < my_ 1 0 0 0 0 0 0>
 #() my_();
:my_
=====FZT958_=========
  < my_ 1 0 0 0 0 0 0>
 #() my_();
:my_
=====FZT968_=========
  < my_ 1 0 0 0 0 0 0>
 #() my_();
:my_
=====FZT1047A_=========
  < my_ 1 0 0 0 0 0 0>
 #() my_();
:my_
=====FZT1048A_=========
  < my_ 1 0 0 0 0 0 0>
 #() my_();
:my_
=====FZT1049A_=========
  < my_ 1 0 0 0 0 0 0>
 #() my_();
:my_
=====FZT1051A_=========
  < my_ 1 0 0 0 0 0 0>
 #() my_();
:my_
=====FZT1053A_=========
  < my_ 1 0 0 0 0 0 0>
 #() my_();
:my_
=====FZT1147A_=========
  < my_ 1 0 0 0 0 0 0>
 #() my_();
:my_
=====FZT1149A_=========
  < my_ 1 0 0 0 0 0 0>
 #() my_();
:my_
=====FZT1151A_=========
  < my_ 1 0 0 0 0 0 0>
 #() my_();
:my_
=====FZTA42_=========
  < my_ 1 0 0 0 0 0 0>
 #() my_();
:my_
=====T_IMT4_=========
  < my_ 1 0 0 0 0 0 0>
 #() my_();
:my_
=====T_IMX8_=========
  < my_ 1 0 0 0 0 0 0>
 #() my_();
:my_
=====T_MJ15024_=========
  < my_ 1 0 0 0 0 0 0>
 #() my_();
:my_
=====T_MJ15024_=========
  < my_ 1 0 0 0 0 0 0>
 #() my_();
:my_
=====T_MMBT123S_=========
  < my_ 1 0 0 0 0 0 0>
 #() my_();
:my_
=====T_MMBT2222A_=========
  < my_ 1 0 0 0 0 0 0>
 #() my_();
:my_
=====T_MMBT2222AT_=========
  < my_ 1 0 0 0 0 0 0>
 #() my_();
:my_
=====T_MMBT2907A_=========
  < my_ 1 0 0 0 0 0 0>
 #() my_();
:my_
=====T_MMBT2907AT_=========
  < my_ 1 0 0 0 0 0 0>
 #() my_();
:my_
=====T_MMBT3904_=========
  < my_ 1 0 0 0 0 0 0>
 #() my_();
:my_
=====T_MMBT3904T_=========
  < my_ 1 0 0 0 0 0 0>
 #() my_();
:my_
=====T_MMBT3906_=========
  < my_ 1 0 0 0 0 0 0>
 #() my_();
:my_
=====T_MMBT3906T_=========
  < my_ 1 0 0 0 0 0 0>
 #() my_();
:my_
=====T_MMBT4401T_=========
  < my_ 1 0 0 0 0 0 0>
 #() my_();
:my_
=====T_MMBT4124_=========
  < my_ 1 0 0 0 0 0 0>
 #() my_();
:my_
=====T_MMBT4126_=========
  < my_ 1 0 0 0 0 0 0>
 #() my_();
:my_
=====T_MMBTA05_=========
  < my_ 1 0 0 0 0 0 0>
 #() my_();
:my_
=====T_MMBTA06_=========
  < my_ 1 0 0 0 0 0 0>
 #() my_();
:my_
=====T_MMBTA42_=========
  < my_ 1 0 0 0 0 0 0>
 #() my_();
:my_
=====T_MMBTA55_=========
  < my_ 1 0 0 0 0 0 0>
 #() my_();
:my_
=====T_MMBTA56_=========
  < my_ 1 0 0 0 0 0 0>
 #() my_();
:my_
=====T_MMBTA92_=========
  < my_ 1 0 0 0 0 0 0>
 #() my_();
:my_
=====T_MMBTH10_=========
  < my_ 1 0 0 0 0 0 0>
 #() my_();
:my_
=====T_MMBTH24_=========
  < my_ 1 0 0 0 0 0 0>
 #() my_();
:my_
=====T_MMDT2222A_=========
  < my_ 1 0 0 0 0 0 0>
 #() my_();
:my_
=====T_MMDT2227_=========
  < my_ 1 0 0 0 0 0 0>
 #() my_();
:my_
=====T_MMDT2227_=========
  < my_ 1 0 0 0 0 0 0>
 #() my_();
:my_
=====T_MMDT2907A_=========
  < my_ 1 0 0 0 0 0 0>
 #() my_();
:my_
=====T_MMDT3904_=========
  < my_ 1 0 0 0 0 0 0>
 #() my_();
:my_
=====T_MMDT3904V_=========
  < my_ 1 0 0 0 0 0 0>
 #() my_();
:my_
=====T_MMDT3906_=========
  < my_ 1 0 0 0 0 0 0>
 #() my_();
:my_
=====T_MMDT3946_=========
  < my_ 1 0 0 0 0 0 0>
 #() my_();
:my_
=====T_MMDT3946_=========
  < my_ 1 0 0 0 0 0 0>
 #() my_();
:my_
=====T_MMDT4401_=========
  < my_ 1 0 0 0 0 0 0>
 #() my_();
:my_
=====T_MMDT4403_=========
  < my_ 1 0 0 0 0 0 0>
 #() my_();
:my_
=====T_MMDT4124_=========
  < my_ 1 0 0 0 0 0 0>
 #() my_();
:my_
=====T_MMDT4413_=========
  < my_ 1 0 0 0 0 0 0>
 #() my_();
:my_
=====T_MMDT4413_=========
  < my_ 1 0 0 0 0 0 0>
 #() my_();
:my_
=====T_MMDT5401_=========
  < my_ 1 0 0 0 0 0 0>
 #() my_();
:my_
=====T_MMDT5551_=========
  < my_ 1 0 0 0 0 0 0>
 #() my_();
:my_
=====T_MMST2222A_=========
  < my_ 1 0 0 0 0 0 0>
 #() my_();
:my_
=====T_MMST2907A_=========
  < my_ 1 0 0 0 0 0 0>
 #() my_();
:my_
=====T_MMST3904_=========
  < my_ 1 0 0 0 0 0 0>
 #() my_();
:my_
=====T_MMST3906_=========
  < my_ 1 0 0 0 0 0 0>
 #() my_();
:my_
=====T_MMST4124_=========
  < my_ 1 0 0 0 0 0 0>
 #() my_();
:my_
=====T_MMST4126_=========
  < my_ 1 0 0 0 0 0 0>
 #() my_();
:my_
=====T_MMST4401_=========
  < my_ 1 0 0 0 0 0 0>
 #() my_();
:my_
=====T_MMST4403_=========
  < my_ 1 0 0 0 0 0 0>
 #() my_();
:my_
=====T_MMST5401_=========
  < my_ 1 0 0 0 0 0 0>
 #() my_();
:my_
=====T_MMST5551_=========
  < my_ 1 0 0 0 0 0 0>
 #() my_();
:my_
=====T_MMSTA05_=========
  < my_ 1 0 0 0 0 0 0>
 #() my_();
:my_
=====T_MMSTA06_=========
  < my_ 1 0 0 0 0 0 0>
 #() my_();
:my_
=====T_MMSTA42_=========
  < my_ 1 0 0 0 0 0 0>
 #() my_();
:my_
=====T_MMSTA55_=========
  < my_ 1 0 0 0 0 0 0>
 #() my_();
:my_
=====T_MMSTA56_=========
  < my_ 1 0 0 0 0 0 0>
 #() my_();
:my_
=====T_MMSTA92_=========
  < my_ 1 0 0 0 0 0 0>
 #() my_();
:my_
=====MPS3702_=========
  < my_ 1 0 0 0 0 0 0>
 #() my_();
:my_
=====MPS3703_=========
  < my_ 1 0 0 0 0 0 0>
 #() my_();
:my_
=====MPS5179_=========
  < my_ 1 0 0 0 0 0 0>
 #() my_();
:my_
=====MPS6513_=========
  < my_ 1 0 0 0 0 0 0>
 #() my_();
:my_
=====MPS6514_=========
  < my_ 1 0 0 0 0 0 0>
 #() my_();
:my_
=====MPS6515_=========
  < my_ 1 0 0 0 0 0 0>
 #() my_();
:my_
=====MPS6518_=========
  < my_ 1 0 0 0 0 0 0>
 #() my_();
:my_
=====MPS6521_=========
  < my_ 1 0 0 0 0 0 0>
 #() my_();
:my_
=====MPS6523_=========
  < my_ 1 0 0 0 0 0 0>
 #() my_();
:my_
=====MPS6531_=========
  < my_ 1 0 0 0 0 0 0>
 #() my_();
:my_
=====MPS6534_=========
  < my_ 1 0 0 0 0 0 0>
 #() my_();
:my_
=====MPS6562_=========
  < my_ 1 0 0 0 0 0 0>
 #() my_();
:my_
=====MPS8098_=========
  < my_ 1 0 0 0 0 0 0>
 #() my_();
:my_
=====MPSA05_=========
  < my_ 1 0 0 0 0 0 0>
 #() my_();
:my_
=====MPSA06_=========
  < my_ 1 0 0 0 0 0 0>
 #() my_();
:my_
=====MPSA10_=========
  < my_ 1 0 0 0 0 0 0>
 #() my_();
:my_
=====MPSA18_=========
  < my_ 1 0 0 0 0 0 0>
 #() my_();
:my_
=====MPSA20_=========
  < my_ 1 0 0 0 0 0 0>
 #() my_();
:my_
=====MPSA42_=========
  < my_ 1 0 0 0 0 0 0>
 #() my_();
:my_
=====MPSA43_=========
  < my_ 1 0 0 0 0 0 0>
 #() my_();
:my_
=====MPSA55_=========
  < my_ 1 0 0 0 0 0 0>
 #() my_();
:my_
=====MPSA56_=========
  < my_ 1 0 0 0 0 0 0>
 #() my_();
:my_
=====MPSA92_=========
  < my_ 1 0 0 0 0 0 0>
 #() my_();
:my_
=====MPSA93_=========
  < my_ 1 0 0 0 0 0 0>
 #() my_();
:my_
=====MPSH10_=========
  < my_ 1 0 0 0 0 0 0>
 #() my_();
:my_
=====MPSL01_=========
  < my_ 1 0 0 0 0 0 0>
 #() my_();
:my_
=====MPSL51_=========
  < my_ 1 0 0 0 0 0 0>
 #() my_();
:my_
=====TIP35C_=========
  < my_ 1 0 0 0 0 0 0>
 #() my_();
:my_
=====TIP36C_=========
  < my_ 1 0 0 0 0 0 0>
 #() my_();
:my_
=====TIP41C_=========
  < my_ 1 0 0 0 0 0 0>
 #() my_();
:my_
=====TIP42C_=========
  < my_ 1 0 0 0 0 0 0>
 #() my_();
:my_
=====TN6714A_=========
  < my_ 1 0 0 0 0 0 0>
 #() my_();
:my_
=====TN6715A_=========
  < my_ 1 0 0 0 0 0 0>
 #() my_();
:my_
=====TN6726A_=========
  < my_ 1 0 0 0 0 0 0>
 #() my_();
:my_
=====TN6727A_=========
  < my_ 1 0 0 0 0 0 0>
 #() my_();
:my_
=====TN6728A_=========
  < my_ 1 0 0 0 0 0 0>
 #() my_();
:my_
=====TN6729A_=========
  < my_ 1 0 0 0 0 0 0>
 #() my_();
:my_
==============
  < my_ 1 0 0 0 0 0 0>
 #() my_();
:my_
==============
  < my_ 1 0 0 0 0 0 0>
 #() my_();
:my_
==============
  < my_ 1 0 0 0 0 0 0>
 #() my_();
:my_
==============
  < my_ 1 0 0 0 0 0 0>
 #() my_();
:my_
==============
  < my_ 1 0 0 0 0 0 0>
 #() my_();
:my_
==============
  < my_ 1 0 0 0 0 0 0>
 #() my_();
:my_
==============
  < my_ 1 0 0 0 0 0 0>
 #() my_();
:my_
==============
  < my_ 1 0 0 0 0 0 0>
 #() my_();
:my_
==============
  < my_ 1 0 0 0 0 0 0>
 #() my_();
:my_
==============
  < my_ 1 0 0 0 0 0 0>
 #() my_();
:my_
==============
  < my_ 1 0 0 0 0 0 0>
 #() my_();
:my_
==============
  < my_ 1 0 0 0 0 0 0>
 #() my_();
:my_
==============
  < my_ 1 0 0 0 0 0 0>
 #() my_();
:my_
==============
  < my_ 1 0 0 0 0 0 0>
 #() my_();
:my_
==============
  < my_ 1 0 0 0 0 0 0>
 #() my_();
:my_
==============
  < my_ 1 0 0 0 0 0 0>
 #() my_();
:my_
==============
  < my_ 1 0 0 0 0 0 0>
 #() my_();
:my_
==============
  < my_ 1 0 0 0 0 0 0>
 #() my_();
:my_
==============
  < my_ 1 0 0 0 0 0 0>
 #() my_();
:my_
==============
  < my_ 1 0 0 0 0 0 0>
 #() my_();
:my_
==============
  < my_ 1 0 0 0 0 0 0>
 #() my_();
:my_
==============
  < my_ 1 0 0 0 0 0 0>
 #() my_();
:my_
==============
  < my_ 1 0 0 0 0 0 0>
 #() my_();
:my_
==============
  < my_ 1 0 0 0 0 0 0>
 #() my_();
:my_
==============
  < my_ 1 0 0 0 0 0 0>
 #() my_();
:my_
==============
  < my_ 1 0 0 0 0 0 0>
 #() my_();
:my_
==============
  < my_ 1 0 0 0 0 0 0>
 #() my_();
:my_
==============
  < my_ 1 0 0 0 0 0 0>
 #() my_();
:my_
==============
  < my_ 1 0 0 0 0 0 0>
 #() my_();
:my_
==============
  < my_ 1 0 0 0 0 0 0>
 #() my_();
:my_
==============
  < my_ 1 0 0 0 0 0 0>
 #() my_();
:my_
==============
  < my_ 1 0 0 0 0 0 0>
 #() my_();
:my_
==============
  < my_ 1 0 0 0 0 0 0>
 #() my_();
:my_
==============
  < my_ 1 0 0 0 0 0 0>
 #() my_();
:my_
==============
  < my_ 1 0 0 0 0 0 0>
 #() my_();
:my_
==============
  < my_ 1 0 0 0 0 0 0>
 #() my_();
:my_
==============
  < my_ 1 0 0 0 0 0 0>
 #() my_();
:my_
==============
  < my_ 1 0 0 0 0 0 0>
 #() my_();
:my_
==============
  < my_ 1 0 0 0 0 0 0>
 #() my_();
:my_
==============
  < my_ 1 0 0 0 0 0 0>
 #() my_();
:my_
==============
  < my_ 1 0 0 0 0 0 0>
 #() my_();
:my_
==============
  < my_ 1 0 0 0 0 0 0>
 #() my_();
:my_
==============
  < my_ 1 0 0 0 0 0 0>
 #() my_();
:my_
==============
  < my_ 1 0 0 0 0 0 0>
 #() my_();
:my_
==============
  < my_ 1 0 0 0 0 0 0>
 #() my_();
:my_
==============
  < my_ 1 0 0 0 0 0 0>
 #() my_();
:my_
==============
  < my_ 1 0 0 0 0 0 0>
 #() my_();
:my_
==============
  < my_ 1 0 0 0 0 0 0>
 #() my_();
:my_
==============
  < my_ 1 0 0 0 0 0 0>
 #() my_();
:my_
==============
  < my_ 1 0 0 0 0 0 0>
 #() my_();
:my_
==============
  < my_ 1 0 0 0 0 0 0>
 #() my_();
:my_
==============
  < my_ 1 0 0 0 0 0 0>
 #() my_();
:my_
==============
  < my_ 1 0 0 0 0 0 0>
 #() my_();
:my_
==============
  < my_ 1 0 0 0 0 0 0>
 #() my_();
:my_
==============
  < my_ 1 0 0 0 0 0 0>
 #() my_();
:my_
==============
  < my_ 1 0 0 0 0 0 0>
 #() my_();
:my_
==============
  < my_ 1 0 0 0 0 0 0>
 #() my_();
:my_
==============
  < my_ 1 0 0 0 0 0 0>
 #() my_();
:my_
==============
  < my_ 1 0 0 0 0 0 0>
 #() my_();
:my_
==============
  < my_ 1 0 0 0 0 0 0>
 #() my_();
:my_
==============
  < my_ 1 0 0 0 0 0 0>
 #() my_();
:my_
==============
  < my_ 1 0 0 0 0 0 0>
 #() my_();
:my_
==============
  < my_ 1 0 0 0 0 0 0>
 #() my_();
:my_
==============
  < my_ 1 0 0 0 0 0 0>
 #() my_();
:my_
==============
  < my_ 1 0 0 0 0 0 0>
 #() my_();
:my_
==============
  < my_ 1 0 0 0 0 0 0>
 #() my_();
:my_
==============
  < my_ 1 0 0 0 0 0 0>
 #() my_();
:my_
==============
  < my_ 1 0 0 0 0 0 0>
 #() my_();
:my_
==============
  < my_ 1 0 0 0 0 0 0>
 #() my_();
:my_
==============
  < my_ 1 0 0 0 0 0 0>
 #() my_();
:my_
==============
  < my_ 1 0 0 0 0 0 0>
 #() my_();
:my_
==============
  < my_ 1 0 0 0 0 0 0>
 #() my_();
:my_
==============
  < my_ 1 0 0 0 0 0 0>
 #() my_();
:my_
==============
  < my_ 1 0 0 0 0 0 0>
 #() my_();
:my_
==============
  < my_ 1 0 0 0 0 0 0>
 #() my_();
:my_
==============
  < my_ 1 0 0 0 0 0 0>
 #() my_();
:my_
==============
  < my_ 1 0 0 0 0 0 0>
 #() my_();
:my_
==============
  < my_ 1 0 0 0 0 0 0>
 #() my_();
:my_
==============
  < my_ 1 0 0 0 0 0 0>
 #() my_();
:my_
==============
  < my_ 1 0 0 0 0 0 0>
 #() my_();
:my_
==============
  < my_ 1 0 0 0 0 0 0>
 #() my_();
:my_
==============
  < my_ 1 0 0 0 0 0 0>
 #() my_();
:my_
==============
  < my_ 1 0 0 0 0 0 0>
 #() my_();
:my_
==============
  < my_ 1 0 0 0 0 0 0>
 #() my_();
:my_
==============
  < my_ 1 0 0 0 0 0 0>
 #() my_();
:my_
==============
  < my_ 1 0 0 0 0 0 0>
 #() my_();
:my_
==============
  < my_ 1 0 0 0 0 0 0>
 #() my_();
:my_
==============
  < my_ 1 0 0 0 0 0 0>
 #() my_();
:my_
==============
  < my_ 1 0 0 0 0 0 0>
 #() my_();
:my_
==============
  < my_ 1 0 0 0 0 0 0>
 #() my_();
:my_
==============
  < my_ 1 0 0 0 0 0 0>
 #() my_();
:my_
==============
  < my_ 1 0 0 0 0 0 0>
 #() my_();
:my_
==============
  < my_ 1 0 0 0 0 0 0>
 #() my_();
:my_
==============
  < my_ 1 0 0 0 0 0 0>
 #() my_();
:my_
==============
  < my_ 1 0 0 0 0 0 0>
 #() my_();
:my_
==============
  < my_ 1 0 0 0 0 0 0>
 #() my_();
:my_
==============
  < my_ 1 0 0 0 0 0 0>
 #() my_();
:my_
==============
  < my_ 1 0 0 0 0 0 0>
 #() my_();
:my_
==============
  < my_ 1 0 0 0 0 0 0>
 #() my_();
:my_
==============
  < my_ 1 0 0 0 0 0 0>
 #() my_();
:my_
==============
  < my_ 1 0 0 0 0 0 0>
 #() my_();
:my_
==============
  < my_ 1 0 0 0 0 0 0>
 #() my_();
:my_
==============
  < my_ 1 0 0 0 0 0 0>
 #() my_();
:my_
==============
  < my_ 1 0 0 0 0 0 0>
 #() my_();
:my_
==============
  < my_ 1 0 0 0 0 0 0>
 #() my_();
:my_
==============
  < my_ 1 0 0 0 0 0 0>
 #() my_();
:my_
==============
  < my_ 1 0 0 0 0 0 0>
 #() my_();
:my_
==============
  < my_ 1 0 0 0 0 0 0>
 #() my_();
:my_
==============
  < my_ 1 0 0 0 0 0 0>
 #() my_();
:my_
==============
  < my_ 1 0 0 0 0 0 0>
 #() my_();
:my_
==============
  < my_ 1 0 0 0 0 0 0>
 #() my_();
:my_
==============
  < my_ 1 0 0 0 0 0 0>
 #() my_();
:my_
==============
  < my_ 1 0 0 0 0 0 0>
 #() my_();
:my_
==============
  < my_ 1 0 0 0 0 0 0>
 #() my_();
:my_
==============
  < my_ 1 0 0 0 0 0 0>
 #() my_();
:my_
==============
  < my_ 1 0 0 0 0 0 0>
 #() my_();
:my_
==============
  < my_ 1 0 0 0 0 0 0>
 #() my_();
:my_
==============
  < my_ 1 0 0 0 0 0 0>
 #() my_();
:my_
==============
  < my_ 1 0 0 0 0 0 0>
 #() my_();
:my_
==============
  < my_ 1 0 0 0 0 0 0>
 #() my_();
:my_
==============
  < my_ 1 0 0 0 0 0 0>
 #() my_();
:my_
==============
  < my_ 1 0 0 0 0 0 0>
 #() my_();
:my_
==============
  < my_ 1 0 0 0 0 0 0>
 #() my_();
:my_
==============
  < my_ 1 0 0 0 0 0 0>
 #() my_();
:my_
==============
  < my_ 1 0 0 0 0 0 0>
 #() my_();
:my_
==============
  < my_ 1 0 0 0 0 0 0>
 #() my_();
:my_
==============
  < my_ 1 0 0 0 0 0 0>
 #() my_();
:my_
==============
  < my_ 1 0 0 0 0 0 0>
 #() my_();
:my_
==============
  < my_ 1 0 0 0 0 0 0>
 #() my_();
:my_
==============
  < my_ 1 0 0 0 0 0 0>
 #() my_();
:my_
==============
  < my_ 1 0 0 0 0 0 0>
 #() my_();
:my_
==============
  < my_ 1 0 0 0 0 0 0>
 #() my_();
:my_
==============
  < my_ 1 0 0 0 0 0 0>
 #() my_();
:my_
==============
  < my_ 1 0 0 0 0 0 0>
 #() my_();
:my_
==============
  < my_ 1 0 0 0 0 0 0>
 #() my_();
:my_
==============
  < my_ 1 0 0 0 0 0 0>
 #() my_();
:my_
==============
  < my_ 1 0 0 0 0 0 0>
 #() my_();
:my_
==============
  < my_ 1 0 0 0 0 0 0>
 #() my_();
:my_
==============
  < my_ 1 0 0 0 0 0 0>
 #() my_();
:my_
==============
  < my_ 1 0 0 0 0 0 0>
 #() my_();
:my_
==============
  < my_ 1 0 0 0 0 0 0>
 #() my_();
:my_
==============
  < my_ 1 0 0 0 0 0 0>
 #() my_();
:my_
==============
  < my_ 1 0 0 0 0 0 0>
 #() my_();
:my_
==============
  < my_ 1 0 0 0 0 0 0>
 #() my_();
:my_
==============
  < my_ 1 0 0 0 0 0 0>
 #() my_();
:my_
==============
  < my_ 1 0 0 0 0 0 0>
 #() my_();
:my_
==============
  < my_ 1 0 0 0 0 0 0>
 #() my_();
:my_
==============
  < my_ 1 0 0 0 0 0 0>
 #() my_();
:my_
==============
  < my_ 1 0 0 0 0 0 0>
 #() my_();
:my_
==============
  < my_ 1 0 0 0 0 0 0>
 #() my_();
:my_
==============
  < my_ 1 0 0 0 0 0 0>
 #() my_();
:my_
==============
  < my_ 1 0 0 0 0 0 0>
 #() my_();
:my_
==============
  < my_ 1 0 0 0 0 0 0>
 #() my_();
:my_
==============
  < my_ 1 0 0 0 0 0 0>
 #() my_();
:my_
==============
  < my_ 1 0 0 0 0 0 0>
 #() my_();
:my_
==============
  < my_ 1 0 0 0 0 0 0>
 #() my_();
:my_
==============
  < my_ 1 0 0 0 0 0 0>
 #() my_();
:my_
==============
  < my_ 1 0 0 0 0 0 0>
 #() my_();
:my_
==============
  < my_ 1 0 0 0 0 0 0>
 #() my_();
:my_
==============
  < my_ 1 0 0 0 0 0 0>
 #() my_();
:my_
==============
  < my_ 1 0 0 0 0 0 0>
 #() my_();
:my_
==============
  < my_ 1 0 0 0 0 0 0>
 #() my_();
:my_
==============
  < my_ 1 0 0 0 0 0 0>
 #() my_();
:my_
==============
  < my_ 1 0 0 0 0 0 0>
 #() my_();
:my_
==============
  < my_ 1 0 0 0 0 0 0>
 #() my_();
:my_
==============
  < my_ 1 0 0 0 0 0 0>
 #() my_();
:my_
==============
  < my_ 1 0 0 0 0 0 0>
 #() my_();
:my_
==============
  < my_ 1 0 0 0 0 0 0>
 #() my_();
:my_
==============
  < my_ 1 0 0 0 0 0 0>
 #() my_();
:my_
==============
  < my_ 1 0 0 0 0 0 0>
 #() my_();
:my_
==============
  < my_ 1 0 0 0 0 0 0>
 #() my_();
:my_
==============
  < my_ 1 0 0 0 0 0 0>
 #() my_();
:my_
==============
  < my_ 1 0 0 0 0 0 0>
 #() my_();
:my_
==============
  < my_ 1 0 0 0 0 0 0>
 #() my_();
:my_
==============
  < my_ 1 0 0 0 0 0 0>
 #() my_();
:my_
==============
  < my_ 1 0 0 0 0 0 0>
 #() my_();
:my_
==============
  < my_ 1 0 0 0 0 0 0>
 #() my_();
:my_
==============
  < my_ 1 0 0 0 0 0 0>
 #() my_();
:my_
==============
  < my_ 1 0 0 0 0 0 0>
 #() my_();
:my_
==============
  < my_ 1 0 0 0 0 0 0>
 #() my_();
:my_
==============
  < my_ 1 0 0 0 0 0 0>
 #() my_();
:my_
==============
  < my_ 1 0 0 0 0 0 0>
 #() my_();
:my_
==============
  < my_ 1 0 0 0 0 0 0>
 #() my_();
:my_
==============
  < my_ 1 0 0 0 0 0 0>
 #() my_();
:my_
==============
  < my_ 1 0 0 0 0 0 0>
 #() my_();
:my_
==============
  < my_ 1 0 0 0 0 0 0>
 #() my_();
:my_
==============
  < my_ 1 0 0 0 0 0 0>
 #() my_();
:my_
==============
  < my_ 1 0 0 0 0 0 0>
 #() my_();
:my_
==============
  < my_ 1 0 0 0 0 0 0>
 #() my_();
:my_
==============
  < my_ 1 0 0 0 0 0 0>
 #() my_();
:my_
==============
  < my_ 1 0 0 0 0 0 0>
 #() my_();
:my_
==============
  < my_ 1 0 0 0 0 0 0>
 #() my_();
:my_
==============
  < my_ 1 0 0 0 0 0 0>
 #() my_();
:my_
==============
  < my_ 1 0 0 0 0 0 0>
 #() my_();
:my_
==============
  < my_ 1 0 0 0 0 0 0>
 #() my_();
:my_
==============
  < my_ 1 0 0 0 0 0 0>
 #() my_();
:my_
==============
  < my_ 1 0 0 0 0 0 0>
 #() my_();
:my_
==============
  < my_ 1 0 0 0 0 0 0>
 #() my_();
:my_
==============
  < my_ 1 0 0 0 0 0 0>
 #() my_();
:my_
==============
  < my_ 1 0 0 0 0 0 0>
 #() my_();
:my_
==============
  < my_ 1 0 0 0 0 0 0>
 #() my_();
:my_
==============
  < my_ 1 0 0 0 0 0 0>
 #() my_();
:my_
==============
  < my_ 1 0 0 0 0 0 0>
 #() my_();
:my_
==============
  < my_ 1 0 0 0 0 0 0>
 #() my_();
:my_
==============
  < my_ 1 0 0 0 0 0 0>
 #() my_();
:my_
==============
  < my_ 1 0 0 0 0 0 0>
 #() my_();
:my_
==============
  < my_ 1 0 0 0 0 0 0>
 #() my_();
:my_
==============
  < my_ 1 0 0 0 0 0 0>
 #() my_();
:my_
==============
  < my_ 1 0 0 0 0 0 0>
 #() my_();
:my_
==============
  < my_ 1 0 0 0 0 0 0>
 #() my_();
:my_
==============
  < my_ 1 0 0 0 0 0 0>
 #() my_();
:my_
==============
  < my_ 1 0 0 0 0 0 0>
 #() my_();
:my_
==============
  < my_ 1 0 0 0 0 0 0>
 #() my_();
:my_
==============
  < my_ 1 0 0 0 0 0 0>
 #() my_();
:my_
==============
  < my_ 1 0 0 0 0 0 0>
 #() my_();
:my_
==============
  < my_ 1 0 0 0 0 0 0>
 #() my_();
:my_
==============
  < my_ 1 0 0 0 0 0 0>
 #() my_();
:my_
==============
  < my_ 1 0 0 0 0 0 0>
 #() my_();
:my_
==============
  < my_ 1 0 0 0 0 0 0>
 #() my_();
:my_
==============
  < my_ 1 0 0 0 0 0 0>
 #() my_();
:my_
==============
  < my_ 1 0 0 0 0 0 0>
 #() my_();
:my_
==============
  < my_ 1 0 0 0 0 0 0>
 #() my_();
:my_
==============
  < my_ 1 0 0 0 0 0 0>
 #() my_();
:my_
==============
  < my_ 1 0 0 0 0 0 0>
 #() my_();
:my_
==============
  < my_ 1 0 0 0 0 0 0>
 #() my_();
:my_
==============
  < my_ 1 0 0 0 0 0 0>
 #() my_();
:my_
==============
  < my_ 1 0 0 0 0 0 0>
 #() my_();
:my_
==============
  < my_ 1 0 0 0 0 0 0>
 #() my_();
:my_
==============
  < my_ 1 0 0 0 0 0 0>
 #() my_();
:my_
==============
  < my_ 1 0 0 0 0 0 0>
 #() my_();
:my_
==============
  < my_ 1 0 0 0 0 0 0>
 #() my_();
:my_
==============
  < my_ 1 0 0 0 0 0 0>
 #() my_();
:my_
==============
  < my_ 1 0 0 0 0 0 0>
 #() my_();
:my_
==============
  < my_ 1 0 0 0 0 0 0>
 #() my_();
:my_
==============
  < my_ 1 0 0 0 0 0 0>
 #() my_();
:my_
==============
  < my_ 1 0 0 0 0 0 0>
 #() my_();
:my_
==============
  < my_ 1 0 0 0 0 0 0>
 #() my_();
:my_
==============
  < my_ 1 0 0 0 0 0 0>
 #() my_();
:my_
==============
  < my_ 1 0 0 0 0 0 0>
 #() my_();
:my_
==============
  < my_ 1 0 0 0 0 0 0>
 #() my_();
:my_
==============
  < my_ 1 0 0 0 0 0 0>
 #() my_();
:my_
==============
  < my_ 1 0 0 0 0 0 0>
 #() my_();
:my_
==============
  < my_ 1 0 0 0 0 0 0>
 #() my_();
:my_
==============
  < my_ 1 0 0 0 0 0 0>
 #() my_();
:my_
==============
  < my_ 1 0 0 0 0 0 0>
 #() my_();
:my_
==============
  < my_ 1 0 0 0 0 0 0>
 #() my_();
:my_
==============
  < my_ 1 0 0 0 0 0 0>
 #() my_();
:my_
==============
  < my_ 1 0 0 0 0 0 0>
 #() my_();
:my_
==============
  < my_ 1 0 0 0 0 0 0>
 #() my_();
:my_
==============
  < my_ 1 0 0 0 0 0 0>
 #() my_();
:my_
==============
  < my_ 1 0 0 0 0 0 0>
 #() my_();
:my_
==============
  < my_ 1 0 0 0 0 0 0>
 #() my_();
:my_
==============
  < my_ 1 0 0 0 0 0 0>
 #() my_();
:my_
==============
  < my_ 1 0 0 0 0 0 0>
 #() my_();
:my_
==============
  < my_ 1 0 0 0 0 0 0>
 #() my_();
:my_
==============
  < my_ 1 0 0 0 0 0 0>
 #() my_();
:my_
==============
  < my_ 1 0 0 0 0 0 0>
 #() my_();
:my_
==============
  < my_ 1 0 0 0 0 0 0>
 #() my_();
:my_
==============
  < my_ 1 0 0 0 0 0 0>
 #() my_();
:my_
==============
  < my_ 1 0 0 0 0 0 0>
 #() my_();
:my_
==============
  < my_ 1 0 0 0 0 0 0>
 #() my_();
:my_
==============
  < my_ 1 0 0 0 0 0 0>
 #() my_();
:my_
==============
  < my_ 1 0 0 0 0 0 0>
 #() my_();
:my_
==============
  < my_ 1 0 0 0 0 0 0>
 #() my_();
:my_
==============
  < my_ 1 0 0 0 0 0 0>
 #() my_();
:my_
==============
  < my_ 1 0 0 0 0 0 0>
 #() my_();
:my_
==============
  < my_ 1 0 0 0 0 0 0>
 #() my_();
:my_
==============
  < my_ 1 0 0 0 0 0 0>
 #() my_();
:my_
==============
  < my_ 1 0 0 0 0 0 0>
 #() my_();
:my_
==============
  < my_ 1 0 0 0 0 0 0>
 #() my_();
:my_
==============
  < my_ 1 0 0 0 0 0 0>
 #() my_();
:my_
==============
  < my_ 1 0 0 0 0 0 0>
 #() my_();
:my_
==============
  < my_ 1 0 0 0 0 0 0>
 #() my_();
:my_
==============
  < my_ 1 0 0 0 0 0 0>
 #() my_();
:my_
==============
  < my_ 1 0 0 0 0 0 0>
 #() my_();
:my_
==============
  < my_ 1 0 0 0 0 0 0>
 #() my_();
:my_
==============
  < my_ 1 0 0 0 0 0 0>
 #() my_();
:my_
==============
  < my_ 1 0 0 0 0 0 0>
 #() my_();
:my_
==============
  < my_ 1 0 0 0 0 0 0>
 #() my_();
:my_
==============
  < my_ 1 0 0 0 0 0 0>
 #() my_();
:my_
==============
  < my_ 1 0 0 0 0 0 0>
 #() my_();
:my_
==============
  < my_ 1 0 0 0 0 0 0>
 #() my_();
:my_
==============
  < my_ 1 0 0 0 0 0 0>
 #() my_();
:my_
==============
  < my_ 1 0 0 0 0 0 0>
 #() my_();
:my_
==============
  < my_ 1 0 0 0 0 0 0>
 #() my_();
:my_
==============
  < my_ 1 0 0 0 0 0 0>
 #() my_();
:my_
==============
  < my_ 1 0 0 0 0 0 0>
 #() my_();
:my_
==============
  < my_ 1 0 0 0 0 0 0>
 #() my_();
:my_
==============
  < my_ 1 0 0 0 0 0 0>
 #() my_();
:my_
==============
  < my_ 1 0 0 0 0 0 0>
 #() my_();
:my_
==============
  < my_ 1 0 0 0 0 0 0>
 #() my_();
:my_
==============
  < my_ 1 0 0 0 0 0 0>
 #() my_();
:my_
==============
  < my_ 1 0 0 0 0 0 0>
 #() my_();
:my_
==============
  < my_ 1 0 0 0 0 0 0>
 #() my_();
:my_
==============
  < my_ 1 0 0 0 0 0 0>
 #() my_();
:my_
==============
  < my_ 1 0 0 0 0 0 0>
 #() my_();
:my_
==============
  < my_ 1 0 0 0 0 0 0>
 #() my_();
:my_
==============
  < my_ 1 0 0 0 0 0 0>
 #() my_();
:my_
==============
  < my_ 1 0 0 0 0 0 0>
 #() my_();
:my_
==============
  < my_ 1 0 0 0 0 0 0>
 #() my_();
:my_
==============
  < my_ 1 0 0 0 0 0 0>
 #() my_();
:my_
==============
  < my_ 1 0 0 0 0 0 0>
 #() my_();
:my_
==============
  < my_ 1 0 0 0 0 0 0>
 #() my_();
:my_
==============
  < my_ 1 0 0 0 0 0 0>
 #() my_();
:my_
==============
  < my_ 1 0 0 0 0 0 0>
 #() my_();
:my_
==============
  < my_ 1 0 0 0 0 0 0>
 #() my_();
:my_
==============
  < my_ 1 0 0 0 0 0 0>
 #() my_();
:my_
==============
  < my_ 1 0 0 0 0 0 0>
 #() my_();
:my_
==============
  < my_ 1 0 0 0 0 0 0>
 #() my_();
:my_
==============
  < my_ 1 0 0 0 0 0 0>
 #() my_();
:my_
==============
  < my_ 1 0 0 0 0 0 0>
 #() my_();
:my_
==============
  < my_ 1 0 0 0 0 0 0>
 #() my_();
:my_
==============
  < my_ 1 0 0 0 0 0 0>
 #() my_();
:my_
==============
  < my_ 1 0 0 0 0 0 0>
 #() my_();
:my_
==============
  < my_ 1 0 0 0 0 0 0>
 #() my_();
:my_
==============
  < my_ 1 0 0 0 0 0 0>
 #() my_();
:my_
==============
  < my_ 1 0 0 0 0 0 0>
 #() my_();
:my_
==============
  < my_ 1 0 0 0 0 0 0>
 #() my_();
:my_
==============
  < my_ 1 0 0 0 0 0 0>
 #() my_();
:my_
==============
  < my_ 1 0 0 0 0 0 0>
 #() my_();
:my_
==============
  < my_ 1 0 0 0 0 0 0>
 #() my_();
:my_
==============
  < my_ 1 0 0 0 0 0 0>
 #() my_();
:my_
==============
  < my_ 1 0 0 0 0 0 0>
 #() my_();
:my_
==============
  < my_ 1 0 0 0 0 0 0>
 #() my_();
:my_
==============
  < my_ 1 0 0 0 0 0 0>
 #() my_();
:my_
==============
  < my_ 1 0 0 0 0 0 0>
 #() my_();
:my_
==============
  < my_ 1 0 0 0 0 0 0>
 #() my_();
:my_
==============
  < my_ 1 0 0 0 0 0 0>
 #() my_();
:my_
==============
  < my_ 1 0 0 0 0 0 0>
 #() my_();
:my_
==============
  < my_ 1 0 0 0 0 0 0>
 #() my_();
:my_
==============
  < my_ 1 0 0 0 0 0 0>
 #() my_();
:my_
==============
  < my_ 1 0 0 0 0 0 0>
 #() my_();
:my_
==============
  < my_ 1 0 0 0 0 0 0>
 #() my_();
:my_
==============
  < my_ 1 0 0 0 0 0 0>
 #() my_();
:my_
==============
  < my_ 1 0 0 0 0 0 0>
 #() my_();
:my_
==============
  < my_ 1 0 0 0 0 0 0>
 #() my_();
:my_
==============
  < my_ 1 0 0 0 0 0 0>
 #() my_();
:my_
==============
  < my_ 1 0 0 0 0 0 0>
 #() my_();
:my_
==============
  < my_ 1 0 0 0 0 0 0>
 #() my_();
:my_
==============
  < my_ 1 0 0 0 0 0 0>
 #() my_();
:my_
==============
  < my_ 1 0 0 0 0 0 0>
 #() my_();
:my_
==============
  < my_ 1 0 0 0 0 0 0>
 #() my_();
:my_
==============
  < my_ 1 0 0 0 0 0 0>
 #() my_();
:my_
==============
  < my_ 1 0 0 0 0 0 0>
 #() my_();
:my_
==============
  < my_ 1 0 0 0 0 0 0>
 #() my_();
:my_
==============
  < my_ 1 0 0 0 0 0 0>
 #() my_();
:my_
==============
  < my_ 1 0 0 0 0 0 0>
 #() my_();
:my_
==============
  < my_ 1 0 0 0 0 0 0>
 #() my_();
:my_
==============
  < my_ 1 0 0 0 0 0 0>
 #() my_();
:my_
==============
  < my_ 1 0 0 0 0 0 0>
 #() my_();
:my_
==============
  < my_ 1 0 0 0 0 0 0>
 #() my_();
:my_
==============
  < my_ 1 0 0 0 0 0 0>
 #() my_();
:my_
==============
  < my_ 1 0 0 0 0 0 0>
 #() my_();
:my_
==============
  < my_ 1 0 0 0 0 0 0>
 #() my_();
:my_
==============
  < my_ 1 0 0 0 0 0 0>
 #() my_();
:my_
==============
  < my_ 1 0 0 0 0 0 0>
 #() my_();
:my_
==============
  < my_ 1 0 0 0 0 0 0>
 #() my_();
:my_
==============
  < my_ 1 0 0 0 0 0 0>
 #() my_();
:my_
==============
  < my_ 1 0 0 0 0 0 0>
 #() my_();
:my_
==============
  < my_ 1 0 0 0 0 0 0>
 #() my_();
:my_
==============
  < my_ 1 0 0 0 0 0 0>
 #() my_();
:my_
==============
  < my_ 1 0 0 0 0 0 0>
 #() my_();
:my_
==============
  < my_ 1 0 0 0 0 0 0>
 #() my_();
:my_
==============
  < my_ 1 0 0 0 0 0 0>
 #() my_();
:my_
==============
  < my_ 1 0 0 0 0 0 0>
 #() my_();
:my_
==============
  < my_ 1 0 0 0 0 0 0>
 #() my_();
:my_
==============
  < my_ 1 0 0 0 0 0 0>
 #() my_();
:my_
==============
  < my_ 1 0 0 0 0 0 0>
 #() my_();
:my_
==============
  < my_ 1 0 0 0 0 0 0>
 #() my_();
:my_
==============
  < my_ 1 0 0 0 0 0 0>
 #() my_();
:my_
==============
  < my_ 1 0 0 0 0 0 0>
 #() my_();
:my_
==============
  < my_ 1 0 0 0 0 0 0>
 #() my_();
:my_
==============
  < my_ 1 0 0 0 0 0 0>
 #() my_();
:my_
==============
  < my_ 1 0 0 0 0 0 0>
 #() my_();
:my_
==============
  < my_ 1 0 0 0 0 0 0>
 #() my_();
:my_
==============
  < my_ 1 0 0 0 0 0 0>
 #() my_();
:my_
==============
  < my_ 1 0 0 0 0 0 0>
 #() my_();
:my_
==============
  < my_ 1 0 0 0 0 0 0>
 #() my_();
:my_
==============
  < my_ 1 0 0 0 0 0 0>
 #() my_();
:my_
==============
  < my_ 1 0 0 0 0 0 0>
 #() my_();
:my_
==============
  < my_ 1 0 0 0 0 0 0>
 #() my_();
:my_
==============
  < my_ 1 0 0 0 0 0 0>
 #() my_();
:my_
==============
  < my_ 1 0 0 0 0 0 0>
 #() my_();
:my_
==============
  < my_ 1 0 0 0 0 0 0>
 #() my_();
:my_
==============
  < my_ 1 0 0 0 0 0 0>
 #() my_();
:my_
==============
  < my_ 1 0 0 0 0 0 0>
 #() my_();
:my_
==============
  < my_ 1 0 0 0 0 0 0>
 #() my_();
:my_
==============
  < my_ 1 0 0 0 0 0 0>
 #() my_();
:my_
==============
  < my_ 1 0 0 0 0 0 0>
 #() my_();
:my_
==============
  < my_ 1 0 0 0 0 0 0>
 #() my_();
:my_
==============
  < my_ 1 0 0 0 0 0 0>
 #() my_();
:my_
==============
  < my_ 1 0 0 0 0 0 0>
 #() my_();
:my_
==============
  < my_ 1 0 0 0 0 0 0>
 #() my_();
:my_
==============
  < my_ 1 0 0 0 0 0 0>
 #() my_();
:my_
==============
  < my_ 1 0 0 0 0 0 0>
 #() my_();
:my_
==============
  < my_ 1 0 0 0 0 0 0>
 #() my_();
:my_
==============
  < my_ 1 0 0 0 0 0 0>
 #() my_();
:my_
==============
  < my_ 1 0 0 0 0 0 0>
 #() my_();
:my_
==============
  < my_ 1 0 0 0 0 0 0>
 #() my_();
:my_
==============
  < my_ 1 0 0 0 0 0 0>
 #() my_();
:my_
==============
  < my_ 1 0 0 0 0 0 0>
 #() my_();
:my_
==============
  < my_ 1 0 0 0 0 0 0>
 #() my_();
:my_
==============
  < my_ 1 0 0 0 0 0 0>
 #() my_();
:my_
==============
  < my_ 1 0 0 0 0 0 0>
 #() my_();
:my_
==============
  < my_ 1 0 0 0 0 0 0>
 #() my_();
:my_
==============
  < my_ 1 0 0 0 0 0 0>
 #() my_();
:my_
==============
  < my_ 1 0 0 0 0 0 0>
 #() my_();
:my_
==============
  < my_ 1 0 0 0 0 0 0>
 #() my_();
:my_
==============
  < my_ 1 0 0 0 0 0 0>
 #() my_();
:my_
==============
  < my_ 1 0 0 0 0 0 0>
 #() my_();
:my_
==============
  < my_ 1 0 0 0 0 0 0>
 #() my_();
:my_
==============
  < my_ 1 0 0 0 0 0 0>
 #() my_();
:my_
==============
  < my_ 1 0 0 0 0 0 0>
 #() my_();
:my_
==============
  < my_ 1 0 0 0 0 0 0>
 #() my_();
:my_
==============
  < my_ 1 0 0 0 0 0 0>
 #() my_();
:my_
==============
  < my_ 1 0 0 0 0 0 0>
 #() my_();
:my_
==============
  < my_ 1 0 0 0 0 0 0>
 #() my_();
:my_
==============
  < my_ 1 0 0 0 0 0 0>
 #() my_();
:my_
==============
  < my_ 1 0 0 0 0 0 0>
 #() my_();
:my_
==============
  < my_ 1 0 0 0 0 0 0>
 #() my_();
:my_
==============
  < my_ 1 0 0 0 0 0 0>
 #() my_();
:my_
==============
  < my_ 1 0 0 0 0 0 0>
 #() my_();
:my_
==============
  < my_ 1 0 0 0 0 0 0>
 #() my_();
:my_
==============
  < my_ 1 0 0 0 0 0 0>
 #() my_();
:my_
==============
  < my_ 1 0 0 0 0 0 0>
 #() my_();
:my_
==============
  < my_ 1 0 0 0 0 0 0>
 #() my_();
:my_
==============
  < my_ 1 0 0 0 0 0 0>
 #() my_();
:my_
==============
  < my_ 1 0 0 0 0 0 0>
 #() my_();
:my_
==============
  < my_ 1 0 0 0 0 0 0>
 #() my_();
:my_
==============
  < my_ 1 0 0 0 0 0 0>
 #() my_();
:my_
==============
  < my_ 1 0 0 0 0 0 0>
 #() my_();
:my_
==============
  < my_ 1 0 0 0 0 0 0>
 #() my_();
:my_
==============
  < my_ 1 0 0 0 0 0 0>
 #() my_();
:my_
==============
  < my_ 1 0 0 0 0 0 0>
 #() my_();
:my_
==============
  < my_ 1 0 0 0 0 0 0>
 #() my_();
:my_
==============
  < my_ 1 0 0 0 0 0 0>
 #() my_();
:my_
==============
  < my_ 1 0 0 0 0 0 0>
 #() my_();
:my_
==============
  < my_ 1 0 0 0 0 0 0>
 #() my_();
:my_
==============
  < my_ 1 0 0 0 0 0 0>
 #() my_();
:my_
==============
  < my_ 1 0 0 0 0 0 0>
 #() my_();
:my_
==============
  < my_ 1 0 0 0 0 0 0>
 #() my_();
:my_
==============
  < my_ 1 0 0 0 0 0 0>
 #() my_();
:my_
==============
  < my_ 1 0 0 0 0 0 0>
 #() my_();
:my_
==============
  < my_ 1 0 0 0 0 0 0>
 #() my_();
:my_
==============
  < my_ 1 0 0 0 0 0 0>
 #() my_();
:my_
==============
  < my_ 1 0 0 0 0 0 0>
 #() my_();
:my_
==============
  < my_ 1 0 0 0 0 0 0>
 #() my_();
:my_
==============
  < my_ 1 0 0 0 0 0 0>
 #() my_();
:my_
==============
  < my_ 1 0 0 0 0 0 0>
 #() my_();
:my_
==============
  < my_ 1 0 0 0 0 0 0>
 #() my_();
:my_
==============
  < my_ 1 0 0 0 0 0 0>
 #() my_();
:my_
==============
  < my_ 1 0 0 0 0 0 0>
 #() my_();
:my_
==============
  < my_ 1 0 0 0 0 0 0>
 #() my_();
:my_
==============
  < my_ 1 0 0 0 0 0 0>
 #() my_();
:my_
==============
  < my_ 1 0 0 0 0 0 0>
 #() my_();
:my_
==============
  < my_ 1 0 0 0 0 0 0>
 #() my_();
:my_
==============
  < my_ 1 0 0 0 0 0 0>
 #() my_();
:my_
==============
  < my_ 1 0 0 0 0 0 0>
 #() my_();
:my_
==============
  < my_ 1 0 0 0 0 0 0>
 #() my_();
:my_
==============
  < my_ 1 0 0 0 0 0 0>
 #() my_();
:my_
==============
  < my_ 1 0 0 0 0 0 0>
 #() my_();
:my_
==============
  < my_ 1 0 0 0 0 0 0>
 #() my_();
:my_
==============
  < my_ 1 0 0 0 0 0 0>
 #() my_();
:my_
==============
  < my_ 1 0 0 0 0 0 0>
 #() my_();
:my_
==============
  < my_ 1 0 0 0 0 0 0>
 #() my_();
:my_
==============
  < my_ 1 0 0 0 0 0 0>
 #() my_();
:my_
==============
  < my_ 1 0 0 0 0 0 0>
 #() my_();
:my_
==============
  < my_ 1 0 0 0 0 0 0>
 #() my_();
:my_
==============
  < my_ 1 0 0 0 0 0 0>
 #() my_();
:my_
==============
  < my_ 1 0 0 0 0 0 0>
 #() my_();
:my_
==============
  < my_ 1 0 0 0 0 0 0>
 #() my_();
:my_
